Microchip MPLAB XC8 Compiler V2.40

Linker command line:

-W-3 \
  --edf=C:\Program Files\Microchip\xc8\v2.40\pic\dat\20220703182018_en.msgs \
  -cn \
  -h+dist/default/debug\mini-project-energy-saving-automatic-outside-light-panagiotis.X.debug.sym \
  --cmf=dist/default/debug\mini-project-energy-saving-automatic-outside-light-panagiotis.X.debug.cmf \
  -z -Q18F67K40 -oC:\Users\arthu\AppData\Local\Temp\xcAsatc.4 \
  --defsym=__MPLAB_BUILD=1 --fixupoverflow=error \
  -Mdist/default/debug/mini-project-energy-saving-automatic-outside-light-panagiotis.X.debug.map \
  --md=C:\Users\arthu\AppData\Local\Temp\xcAsatc.dat -E1 -ver=XC8 Compiler \
  --acfsm=1493 -ACODE=00h-01FFFFh -ACONST=00h-01FFFFh \
  -ASMALLCONST=0E00h-0EFFhx498 -AMEDIUMCONST=0E00h-0FFFFh,010E00h-01FFFFh \
  -ACOMRAM=01h-05Fh -AABS1=00h-0DE9h -ABIGRAM=01h-0DE9h \
  -ARAM=060h-0FFh,0100h-01FFhx12,0D00h-0DE9h -ABANK0=060h-0FFh \
  -ABANK1=0100h-01FFh -ABANK2=0200h-02FFh -ABANK3=0300h-03FFh \
  -ABANK4=0400h-04FFh -ABANK5=0500h-05FFh -ABANK6=0600h-06FFh \
  -ABANK7=0700h-07FFh -ABANK8=0800h-08FFh -ABANK9=0900h-09FFh \
  -ABANK10=0A00h-0AFFh -ABANK11=0B00h-0BFFh -ABANK12=0C00h-0CFFh \
  -ABANK13=0D00h-0DE9h \
  -ASFR=0DEFh-0DFFh,0E00h-0EFFh,0F00h-0F5Fh,0F60h-0FFFh \
  -ABIGSFR=0DEFh-0FFFh -ACONFIG=0300000h-030000Bh -AIDLOC=0200000h-020000Fh \
  -AEEDATA=0310000h-03103FFh -peeprom_data=EEDATA \
  -preset_vec=00h,intcode=08h,intcodelo,powerup,init -pramtop=0E00h \
  -psmallconst=SMALLCONST -pmediumconst=MEDIUMCONST -pconst=CONST \
  -AFARRAM=00h-00h \
  -prdata=COMRAM,nvrram=COMRAM,nvbit=COMRAM,rbss=COMRAM,rbit=COMRAM \
  -pfarbss=FARRAM,fardata=FARRAM,nvFARRAM=FARRAM \
  -pintsave_regs=BIGRAM,bigbss=BIGRAM,bigdata=BIGRAM -pbss=RAM \
  -pidata=CODE,irdata=CODE,ibigdata=CODE,ifardata=CODE -prparam=COMRAM \
  C:\Users\arthu\AppData\Local\Temp\xcAsatc.o \
  dist/default/debug\mini-project-energy-saving-automatic-outside-light-panagiotis.X.debug.o 

Object code version is 3.11

Machine type is 18F67K40



                Name                               Link     Load   Length Selector   Space Scale
C:\Users\arthu\AppData\Local\Temp\xcAsatc.o
                idloc                            200000   200000       10        0       5
                config                           300000   300000        C        0       4
                init                                 B0       B0        4        4       0
                reset_vec                             0        0        6        0       0
dist/default/debug\mini-project-energy-saving-automatic-outside-light-panagiotis.X.debug.o
                intcode                               8        8       A8        4       0
                idloc                            200000   200000       10        0       5
                config                           300000   300000        C        0       4
                temp                                 48       48        1        1       1
                smallconst                          E00      E00       1E      700       0
                text37                             24B2     24B2       44      70F       0
                text36                             1B7A     1B7A       EE      70F       0
                text35                             235C     235C       6A      70F       0
                text34                             1FA6     1FA6       BE      70F       0
                text32                             1428     1428      18A      70F       0
                text31                             15B2     15B2      166      70F       0
                text30                             24F6     24F6       42      70F       0
                text29                             269E     269E        2      70F       0
                text28                             1D48     1D48       CC      70F       0
                text27                             246A     246A       48      70F       0
                text26                             211E     211E       7E      70F       0
                text25                              E1E      E1E      282      70F       0
                text24                             1718     1718      150      70F       0
                text23                             2418     2418       52      70F       0
                text22                             23C6     23C6       52      70F       0
                text21                             2612     2612       20      70F       0
                text20                             2570     2570       32      70F       0
                text19                             2632     2632       1A      70F       0
                text18                             2664     2664       14      70F       0
                text17                             25CE     25CE       24      70F       0
                text16                             2678     2678       10      70F       0
                text15                             2688     2688        E      70F       0
                text14                             22F0     22F0       6C      70F       0
                text13                             25A2     25A2       2C      70F       0
                text12                             2064     2064       BA      70F       0
                text11                             1A76     1A76      104      70F       0
                text10                             1EDE     1EDE       C8      70F       0
                text9                              1E14     1E14       CA      70F       0
                text8                              2538     2538       38      70F       0
                text7                              2284     2284       6C      70F       0
                text6                              1C68     1C68       E0      70F       0
                text5                              1970     1970      106      70F       0
                text4                              1868     1868      108      70F       0
                text3                              1270     1270      1B8      70F       0
                text2                              219C     219C       76      70F       0
                text1                              25F2     25F2       20      70F       0
                text0                              10A0     10A0      1D0      70F       0
                cstackCOMRAM                          1        1       2B        1       1
                cstackBANK0                          60       60       89       60       1
                dataBANK1                           120      120       18      100       1
                bssBANK1                            100      100       20      100       1
                bssBANK0                             E9       E9        5       60       1
                dataCOMRAM                           3E       3E        8        1       1
                bssCOMRAM                            2C       2C       12        1       1
                cinit                              2212     2212       72      70F       0
                nvBANK0                              EE       EE        4       60       1
                nvCOMRAM                             46       46        2        1       1
                idataBANK1                         264C     264C       18      70F       0
                idataCOMRAM                        2696     2696        8      70F       0

TOTAL           Name                               Link     Load   Length     Space
        CLASS   CODE           
                intcode                               8        8       A8         0
                init                                 B0       B0        4         0
                reset_vec                             0        0        6         0
                text37                             24B2     24B2       44         0
                text36                             1B7A     1B7A       EE         0
                text35                             235C     235C       6A         0
                text34                             1FA6     1FA6       BE         0
                text32                             1428     1428      18A         0
                text31                             15B2     15B2      166         0
                text30                             24F6     24F6       42         0
                text29                             269E     269E        2         0
                text28                             1D48     1D48       CC         0
                text27                             246A     246A       48         0
                text26                             211E     211E       7E         0
                text25                              E1E      E1E      282         0
                text24                             1718     1718      150         0
                text23                             2418     2418       52         0
                text22                             23C6     23C6       52         0
                text21                             2612     2612       20         0
                text20                             2570     2570       32         0
                text19                             2632     2632       1A         0
                text18                             2664     2664       14         0
                text17                             25CE     25CE       24         0
                text16                             2678     2678       10         0
                text15                             2688     2688        E         0
                text14                             22F0     22F0       6C         0
                text13                             25A2     25A2       2C         0
                text12                             2064     2064       BA         0
                text11                             1A76     1A76      104         0
                text10                             1EDE     1EDE       C8         0
                text9                              1E14     1E14       CA         0
                text8                              2538     2538       38         0
                text7                              2284     2284       6C         0
                text6                              1C68     1C68       E0         0
                text5                              1970     1970      106         0
                text4                              1868     1868      108         0
                text3                              1270     1270      1B8         0
                text2                              219C     219C       76         0
                text1                              25F2     25F2       20         0
                text0                              10A0     10A0      1D0         0
                cinit                              2212     2212       72         0
                idataBANK1                         264C     264C       18         0
                idataCOMRAM                        2696     2696        8         0

        CLASS   CONST          

        CLASS   SMALLCONST     
                smallconst                          E00      E00       1E         0

        CLASS   MEDIUMCONST    

        CLASS   COMRAM         
                temp                                 48       48        1         1
                cstackCOMRAM                          1        1       2B         1
                dataCOMRAM                           3E       3E        8         1
                bssCOMRAM                            2C       2C       12         1
                nvCOMRAM                             46       46        2         1

        CLASS   ABS1           

        CLASS   BIGRAM         

        CLASS   RAM            

        CLASS   BANK0          
                cstackBANK0                          60       60       89         1
                bssBANK0                             E9       E9        5         1
                nvBANK0                              EE       EE        4         1

        CLASS   BANK1          
                dataBANK1                           120      120       18         1
                bssBANK1                            100      100       20         1

        CLASS   BANK2          

        CLASS   BANK3          

        CLASS   BANK4          

        CLASS   BANK5          

        CLASS   BANK6          

        CLASS   BANK7          

        CLASS   BANK8          

        CLASS   BANK9          

        CLASS   BANK10         

        CLASS   BANK11         

        CLASS   BANK12         

        CLASS   BANK13         

        CLASS   SFR            

        CLASS   BIGSFR         

        CLASS   CONFIG         
                config                           300000   300000        C         4

        CLASS   IDLOC          
                idloc                            200000   200000       10         5

        CLASS   EEDATA         

        CLASS   FARRAM         

        CLASS   HEAP           

        CLASS   STACK          



SEGMENTS        Name                           Load    Length   Top    Selector   Space  Class

                reset_vec                      000000  000006  000006         0       0  CODE    
                cstackCOMRAM                   000001  000048  000049         1       1  COMRAM  
                intcode                        000008  0000AC  0000B4         4       0  CODE    
                cstackBANK0                    000060  000092  0000F2        60       1  BANK0   
                bssBANK1                       000100  000038  000138       100       1  BANK1   
                smallconst                     000E00  00001E  000E1E       700       0  SMALLCON
                text25                         000E1E  001882  0026A0       70F       0  CODE    


UNUSED ADDRESS RANGES

        Name                Unused          Largest block    Delta
        BANK0            0000F2-0000FF                E
        BANK1            000138-0001FF               C8
        BANK10           000A00-000AFF              100
        BANK11           000B00-000BFF              100
        BANK12           000C00-000CFF              100
        BANK13           000D00-000DE9               EA
        BANK2            000200-0002FF              100
        BANK3            000300-0003FF              100
        BANK4            000400-0004FF              100
        BANK5            000500-0005FF              100
        BANK6            000600-0006FF              100
        BANK7            000700-0007FF              100
        BANK8            000800-0008FF              100
        BANK9            000900-0009FF              100
        BIGRAM           000049-00005F               17
                         0000F2-0000FF                E
                         000138-000DE9              CB2
        BIGSFR           000DEF-000FFF              211
        CODE             000006-000007                2
                         0000B4-000DFF              D4C
                         0026A0-01FFFF            1D960
        COMRAM           000049-00005F               17
        CONST            000006-000007                2
                         0000B4-000DFF              D4C
                         0026A0-01FFFF            1D960
        EEDATA           310000-3103FF              400
        MEDIUMCONST      0026A0-00FFFF             D960
                         010E00-01FFFF             F200
        RAM              0000F2-0000FF                E
                         000138-000DE9              100
        SFR              000DEF-000FFF              100
        SMALLCONST       0026A0-01FFFF              100

                                  Symbol Table

?_ADC_getval                        cstackBANK0  000060
?___aodiv                           cstackBANK0  000060
?___aomod                           cstackBANK0  000060
?___fltol                           cstackBANK0  000060
?___lmul                            cstackBANK0  000060
?___lwdiv                           cstackBANK0  000060
?___xxtofl                          cstackBANK0  000069
?_abs                               cstackBANK0  000072
?_get_hour                          cstackBANK0  000067
?_sprintf                           cstackBANK0  0000B8
?_vfprintf                          cstackBANK0  0000B0
?i2___lmul                          cstackCOMRAM 000001
ADC2String@ADC_val                  cstackBANK0  0000CD
ADC2String@buf                      cstackBANK0  0000CB
ADC_getval@tmpval                   cstackBANK0  000062
LCD_sendbyte@Byte                   cstackBANK0  000062
LCD_sendbyte@type                   cstackBANK0  000061
LCD_sendnibble@number               cstackBANK0  000060
LCD_sendstring@i                    cstackBANK0  000068
LCD_sendstring@strlst               cstackBANK0  000064
LCD_setline@line                    cstackBANK0  000063
LEDarray_disp_bin@number            cstackBANK0  00006A
Timer0_init@current_day             cstackBANK0  000076
Timer0_init@current_day_of_the_week cstackBANK0  000078
Timer0_init@current_hour            cstackBANK0  000072
Timer0_init@current_minute          cstackBANK0  00006E
Timer0_init@current_month           cstackBANK0  00007A
Timer0_init@current_year            cstackBANK0  00007C
Timer0_init@init_test_mode          cstackBANK0  00006C
_ADC2String                         text21       002612
_ADCON0bits                         (abs)        000F60
_ADC_getval                         text20       002570
_ADC_init                           text19       002632
_ADPCH                              (abs)        000F5F
_ADREFbits                          (abs)        000F58
_ADRESH                             (abs)        000F64
_ANSELAbits                         (abs)        000E92
_CM1CON0bits                        (abs)        000ED0
_CM1CON1bits                        (abs)        000ED1
_CM1NCHbits                         (abs)        000ED2
_CM1PCHbits                         (abs)        000ED3
_Comp1_init                         text17       0025CE
_DAC1CON0bits                       (abs)        000EC6
_DAC1CON1bits                       (abs)        000EC7
_DAC_init                           text18       002664
_HighISR                            intcode      000008
_INTCONbits                         (abs)        000FF2
_IPR2bits                           (abs)        000E21
_Interrupts_init                    text16       002678
_LATAbits                           (abs)        000F79
_LATBbits                           (abs)        000F7A
_LATCbits                           (abs)        000F7B
_LATDbits                           (abs)        000F7C
_LATEbits                           (abs)        000F7D
_LATFbits                           (abs)        000F7E
_LATGbits                           (abs)        000F7F
_LATHbits                           (abs)        000F80
_LCD_E_TOG                          text15       002688
_LCD_Init                           text12       002064
_LCD_sendbyte                       text13       0025A2
_LCD_sendnibble                     text14       0022F0
_LCD_sendstring                     text10       001EDE
_LCD_setline                        text11       001A76
_LEDarray_disp_bin                  text9        001E14
_LEDarray_init                      text8        002538
_PIE0bits                           (abs)        000E29
_PIE2bits                           (abs)        000E2B
_PIR0bits                           (abs)        000E33
_PIR2bits                           (abs)        000E35
_PORTAbits                          (abs)        000F89
_PORTBbits                          (abs)        000F8A
_PORTFbits                          (abs)        000F8E
_PORTGbits                          (abs)        000F8F
_T0CON0bits                         (abs)        000FD5
_T0CON1bits                         (abs)        000FD6
_TMR0H                              (abs)        000FD4
_TMR0L                              (abs)        000FD3
_TRISAbits                          (abs)        000F81
_TRISBbits                          (abs)        000F82
_TRISCbits                          (abs)        000F83
_TRISDbits                          (abs)        000F84
_TRISEbits                          (abs)        000F85
_TRISFbits                          (abs)        000F86
_TRISGbits                          (abs)        000F87
_TRISHbits                          (abs)        000F88
_Timer0_init                        text6        001C68
__HRAM                              (abs)        000000
__Habs1                             abs1         000000
__Hbank0                            bank0        000000
__Hbank1                            bank1        000000
__Hbank10                           bank10       000000
__Hbank11                           bank11       000000
__Hbank12                           bank12       000000
__Hbank13                           bank13       000000
__Hbank2                            bank2        000000
__Hbank3                            bank3        000000
__Hbank4                            bank4        000000
__Hbank5                            bank5        000000
__Hbank6                            bank6        000000
__Hbank7                            bank7        000000
__Hbank8                            bank8        000000
__Hbank9                            bank9        000000
__Hbigbss                           bigbss       000000
__Hbigdata                          bigdata      000000
__Hbigram                           bigram       000000
__Hbigsfr                           bigsfr       000000
__Hbss                              bss          000000
__HbssBANK0                         bssBANK0     000000
__HbssBANK1                         bssBANK1     000000
__HbssCOMRAM                        bssCOMRAM    000000
__Hcinit                            cinit        000000
__Hclrtext                          clrtext      000000
__Hcomram                           comram       000000
__Hconfig                           config       30000C
__Hconst                            const        000000
__HcstackBANK0                      cstackBANK0  000000
__HcstackCOMRAM                     cstackCOMRAM 000000
__Hdata                             data         000000
__HdataBANK1                        dataBANK1    000000
__HdataCOMRAM                       dataCOMRAM   000000
__Heeprom_data                      eeprom_data  000000
__Hfarbss                           farbss       000000
__Hfardata                          fardata      000000
__Hheap                             heap         000000
__Hibigdata                         ibigdata     000000
__Hidata                            idata        000000
__HidataBANK1                       idataBANK1   000000
__HidataCOMRAM                      idataCOMRAM  000000
__Hidloc                            idloc        200010
__Hifardata                         ifardata     000000
__Hinit                             init         0000B4
__Hintcode                          intcode      0000B0
__Hintcode_body                     intcode_body 000000
__Hintcodelo                        intcodelo    0000B0
__Hintentry                         intentry     000000
__Hintret                           intret       000000
__Hintsave_regs                     intsave_regs 000000
__Hirdata                           irdata       000000
__Hmediumconst                      mediumconst  000000
__HnvBANK0                          nvBANK0      000000
__HnvCOMRAM                         nvCOMRAM     000000
__HnvFARRAM                         nvFARRAM     000000
__Hnvbit                            nvbit        000000
__Hnvrram                           nvrram       000000
__Hparam                            rparam       000000
__Hpowerup                          powerup      0000B0
__Hram                              ram          000000
__Hramtop                           ramtop       000E00
__Hrbit                             rbit         000000
__Hrbss                             rbss         000000
__Hrdata                            rdata        000000
__Hreset_vec                        reset_vec    000006
__Hrparam                           rparam       000000
__Hsfr                              sfr          000000
__Hsmallconst                       smallconst   000E1E
__Hspace_0                          (abs)        0026A0
__Hspace_1                          (abs)        000138
__Hspace_2                          (abs)        000000
__Hspace_4                          (abs)        60000C
__Hstack                            stack        000000
__Hstruct                           struct       000000
__Htemp                             temp         000049
__Htext                             text         000000
__Htext0                            text0        000000
__Htext1                            text1        000000
__Htext10                           text10       000000
__Htext11                           text11       000000
__Htext12                           text12       000000
__Htext13                           text13       000000
__Htext14                           text14       000000
__Htext15                           text15       000000
__Htext16                           text16       000000
__Htext17                           text17       000000
__Htext18                           text18       000000
__Htext19                           text19       000000
__Htext2                            text2        000000
__Htext20                           text20       000000
__Htext21                           text21       000000
__Htext22                           text22       000000
__Htext23                           text23       000000
__Htext24                           text24       000000
__Htext25                           text25       000000
__Htext26                           text26       000000
__Htext27                           text27       000000
__Htext28                           text28       000000
__Htext29                           text29       000000
__Htext3                            text3        000000
__Htext30                           text30       000000
__Htext31                           text31       000000
__Htext32                           text32       000000
__Htext34                           text34       000000
__Htext35                           text35       000000
__Htext36                           text36       000000
__Htext37                           text37       000000
__Htext4                            text4        000000
__Htext5                            text5        000000
__Htext6                            text6        000000
__Htext7                            text7        000000
__Htext8                            text8        000000
__Htext9                            text9        000000
__LRAM                              (abs)        000001
__Labs1                             abs1         000000
__Lbank0                            bank0        000000
__Lbank1                            bank1        000000
__Lbank10                           bank10       000000
__Lbank11                           bank11       000000
__Lbank12                           bank12       000000
__Lbank13                           bank13       000000
__Lbank2                            bank2        000000
__Lbank3                            bank3        000000
__Lbank4                            bank4        000000
__Lbank5                            bank5        000000
__Lbank6                            bank6        000000
__Lbank7                            bank7        000000
__Lbank8                            bank8        000000
__Lbank9                            bank9        000000
__Lbigbss                           bigbss       000000
__Lbigdata                          bigdata      000000
__Lbigram                           bigram       000000
__Lbigsfr                           bigsfr       000000
__Lbss                              bss          000000
__LbssBANK0                         bssBANK0     000000
__LbssBANK1                         bssBANK1     000000
__LbssCOMRAM                        bssCOMRAM    000000
__Lcinit                            cinit        000000
__Lclrtext                          clrtext      000000
__Lcomram                           comram       000000
__Lconfig                           config       000000
__Lconst                            const        000000
__LcstackBANK0                      cstackBANK0  000000
__LcstackCOMRAM                     cstackCOMRAM 000000
__Ldata                             data         000000
__LdataBANK1                        dataBANK1    000000
__LdataCOMRAM                       dataCOMRAM   000000
__Leeprom_data                      eeprom_data  000000
__Lfarbss                           farbss       000000
__Lfardata                          fardata      000000
__Lheap                             heap         000000
__Libigdata                         ibigdata     000000
__Lidata                            idata        000000
__LidataBANK1                       idataBANK1   000000
__LidataCOMRAM                      idataCOMRAM  000000
__Lidloc                            idloc        000000
__Lifardata                         ifardata     000000
__Linit                             init         0000B0
__Lintcode                          intcode      000008
__Lintcode_body                     intcode_body 000000
__Lintcodelo                        intcodelo    0000B0
__Lintentry                         intentry     000000
__Lintret                           intret       000000
__Lintsave_regs                     intsave_regs 000000
__Lirdata                           irdata       000000
__Lmediumconst                      mediumconst  000000
__LnvBANK0                          nvBANK0      000000
__LnvCOMRAM                         nvCOMRAM     000000
__LnvFARRAM                         nvFARRAM     000000
__Lnvbit                            nvbit        000000
__Lnvrram                           nvrram       000000
__Lparam                            rparam       000000
__Lpowerup                          powerup      0000B0
__Lram                              ram          000000
__Lramtop                           ramtop       000E00
__Lrbit                             rbit         000000
__Lrbss                             rbss         000000
__Lrdata                            rdata        000000
__Lreset_vec                        reset_vec    000000
__Lrparam                           rparam       000000
__Lsfr                              sfr          000000
__Lsmallconst                       smallconst   000E00
__Lspace_0                          (abs)        000000
__Lspace_1                          (abs)        000000
__Lspace_2                          (abs)        000000
__Lspace_4                          (abs)        000000
__Lstack                            stack        000000
__Lstruct                           struct       000000
__Ltemp                             temp         000048
__Ltext                             text         000000
__Ltext0                            text0        000000
__Ltext1                            text1        000000
__Ltext10                           text10       000000
__Ltext11                           text11       000000
__Ltext12                           text12       000000
__Ltext13                           text13       000000
__Ltext14                           text14       000000
__Ltext15                           text15       000000
__Ltext16                           text16       000000
__Ltext17                           text17       000000
__Ltext18                           text18       000000
__Ltext19                           text19       000000
__Ltext2                            text2        000000
__Ltext20                           text20       000000
__Ltext21                           text21       000000
__Ltext22                           text22       000000
__Ltext23                           text23       000000
__Ltext24                           text24       000000
__Ltext25                           text25       000000
__Ltext26                           text26       000000
__Ltext27                           text27       000000
__Ltext28                           text28       000000
__Ltext29                           text29       000000
__Ltext3                            text3        000000
__Ltext30                           text30       000000
__Ltext31                           text31       000000
__Ltext32                           text32       000000
__Ltext34                           text34       000000
__Ltext35                           text35       000000
__Ltext36                           text36       000000
__Ltext37                           text37       000000
__Ltext4                            text4        000000
__Ltext5                            text5        000000
__Ltext6                            text6        000000
__Ltext7                            text7        000000
__Ltext8                            text8        000000
__Ltext9                            text9        000000
__S0                                (abs)        0026A0
__S1                                (abs)        000138
__S4                                (abs)        000000
__S5                                (abs)        000000
___aodiv                            text32       001428
___aodiv@counter                    cstackBANK0  000070
___aodiv@dividend                   cstackBANK0  000060
___aodiv@divisor                    cstackBANK0  000068
___aodiv@quotient                   cstackBANK0  000072
___aodiv@sign                       cstackBANK0  000071
___aomod                            text31       0015B2
___aomod@counter                    cstackBANK0  000070
___aomod@dividend                   cstackBANK0  000060
___aomod@divisor                    cstackBANK0  000068
___aomod@sign                       cstackBANK0  000071
___flge                             text5        001970
___flge@ff1                         cstackBANK0  000060
___flge@ff2                         cstackBANK0  000064
___fltol                            text4        001868
___fltol@exp1                       cstackBANK0  000069
___fltol@f1                         cstackBANK0  000060
___fltol@sign1                      cstackBANK0  000068
___heap_hi                          (abs)        000000
___heap_lo                          (abs)        000000
___inthi_sp                         stack        000000
___intlo_sp                         stack        000000
___lmul                             text7        002284
___lmul@multiplicand                cstackBANK0  000064
___lmul@multiplier                  cstackBANK0  000060
___lmul@product                     cstackBANK0  000068
___lwdiv                            text2        00219C
___lwdiv@counter                    cstackBANK0  000064
___lwdiv@dividend                   cstackBANK0  000060
___lwdiv@divisor                    cstackBANK0  000062
___lwdiv@quotient                   cstackBANK0  000065
___param_bank                       (abs)        000000
___rparam_used                      (abs)        000001
___sp                               stack        000000
___xxtofl                           text3        001270
___xxtofl@arg                       cstackBANK0  000073
___xxtofl@exp                       cstackBANK0  000072
___xxtofl@sign                      cstackBANK0  000071
___xxtofl@val                       cstackBANK0  000069
__accesstop                         (abs)        000060
__activetblptr                      (abs)        000002
__end_of_ADC2String                 text21       002632
__end_of_ADC_getval                 text20       0025A2
__end_of_ADC_init                   text19       00264C
__end_of_Comp1_init                 text17       0025F2
__end_of_DAC_init                   text18       002678
__end_of_HighISR                    intcode      0000B0
__end_of_Interrupts_init            text16       002688
__end_of_LCD_E_TOG                  text15       002696
__end_of_LCD_Init                   text12       00211E
__end_of_LCD_sendbyte               text13       0025CE
__end_of_LCD_sendnibble             text14       00235C
__end_of_LCD_sendstring             text10       001FA6
__end_of_LCD_setline                text11       001B7A
__end_of_LEDarray_disp_bin          text9        001EDE
__end_of_LEDarray_init              text8        002570
__end_of_Timer0_init                text6        001D48
__end_of___aodiv                    text32       0015B2
__end_of___aomod                    text31       001718
__end_of___flge                     text5        001A76
__end_of___fltol                    text4        001970
__end_of___lmul                     text7        0022F0
__end_of___lwdiv                    text2        002212
__end_of___xxtofl                   text3        001428
__end_of__initialization            cinit        002276
__end_of_abs                        text30       002538
__end_of_dtoa                       text25       0010A0
__end_of_fputc                      text28       001E14
__end_of_fputs                      text27       0024B2
__end_of_get_hour                   text1        002612
__end_of_increment_day              text36       001C68
__end_of_increment_month            text37       0024F6
__end_of_increment_time             text34       002064
__end_of_main                       text0        001270
__end_of_pad                        text26       00219C
__end_of_putch                      text29       0026A0
__end_of_sprintf                    text22       002418
__end_of_vfpfcnvrt                  text24       001868
__end_of_vfprintf                   text23       00246A
__end_ofi2___lmul                   text35       0023C6
__initialization                    cinit        002212
__mediumconst                       mediumconst  000000
__pbssBANK0                         bssBANK0     0000E9
__pbssBANK1                         bssBANK1     000100
__pbssCOMRAM                        bssCOMRAM    00002C
__pcinit                            cinit        002212
__pcstackBANK0                      cstackBANK0  000060
__pcstackCOMRAM                     cstackCOMRAM 000001
__pdataBANK1                        dataBANK1    000120
__pdataCOMRAM                       dataCOMRAM   00003E
__pidataBANK1                       idataBANK1   00264C
__pidataCOMRAM                      idataCOMRAM  002696
__pintcode                          intcode      000008
__pnvBANK0                          nvBANK0      0000EE
__pnvCOMRAM                         nvCOMRAM     000046
__psmallconst                       smallconst   000E00
__ptext0                            text0        0010A0
__ptext1                            text1        0025F2
__ptext10                           text10       001EDE
__ptext11                           text11       001A76
__ptext12                           text12       002064
__ptext13                           text13       0025A2
__ptext14                           text14       0022F0
__ptext15                           text15       002688
__ptext16                           text16       002678
__ptext17                           text17       0025CE
__ptext18                           text18       002664
__ptext19                           text19       002632
__ptext2                            text2        00219C
__ptext20                           text20       002570
__ptext21                           text21       002612
__ptext22                           text22       0023C6
__ptext23                           text23       002418
__ptext24                           text24       001718
__ptext25                           text25       000E1E
__ptext26                           text26       00211E
__ptext27                           text27       00246A
__ptext28                           text28       001D48
__ptext29                           text29       00269E
__ptext3                            text3        001270
__ptext30                           text30       0024F6
__ptext31                           text31       0015B2
__ptext32                           text32       001428
__ptext34                           text34       001FA6
__ptext35                           text35       00235C
__ptext36                           text36       001B7A
__ptext37                           text37       0024B2
__ptext4                            text4        001868
__ptext5                            text5        001970
__ptext6                            text6        001C68
__ptext7                            text7        002284
__ptext8                            text8        002538
__ptext9                            text9        001E14
__ramtop                            ramtop       000E00
__smallconst                        smallconst   000E00
_abs                                text30       0024F6
_day                                dataCOMRAM   000042
_day_of_the_week                    dataCOMRAM   000044
_dbuf                               bssBANK1     000100
_dtoa                               text25       000E1E
_dtoa$2165                          cstackBANK0  00008D
_flags                              bssBANK0     0000ED
_fputc                              text28       001D48
_fputs                              text27       00246A
_get_hour                           text1        0025F2
_increment_day                      text36       001B7A
_increment_month                    text37       0024B2
_increment_time                     text34       001FA6
_main                               text0        0010A0
_month                              dataCOMRAM   000040
_pad                                text26       00211E
_prec                               bssBANK0     0000EB
_putch                              text29       00269E
_sprintf                            text22       0023C6
_test_mode                          nvCOMRAM     000046
_time_corrector                     bssCOMRAM    00003C
_time_counter                       nvBANK0      0000EE
_vfpfcnvrt                          text24       001718
_vfprintf                           text23       002418
_width                              bssBANK0     0000E9
_year                               dataCOMRAM   00003E
abs@a                               cstackBANK0  000072
btemp                               temp         000048
dtoa@d                              cstackBANK0  00007D
dtoa@fp                             cstackBANK0  00007B
dtoa@i                              cstackBANK0  00009C
dtoa@n                              cstackBANK0  000093
dtoa@p                              cstackBANK0  00008F
dtoa@s                              cstackBANK0  00009B
dtoa@w                              cstackBANK0  000091
end_of_initialization               cinit        002276
fputc@c                             cstackBANK0  000060
fputc@fp                            cstackBANK0  000062
fputs@c                             cstackBANK0  00006D
fputs@fp                            cstackBANK0  00006B
fputs@i                             cstackBANK0  00006E
fputs@s                             cstackBANK0  000069
i2___lmul                           text35       00235C
i2___lmul@multiplicand              cstackCOMRAM 000005
i2___lmul@multiplier                cstackCOMRAM 000001
i2___lmul@product                   cstackCOMRAM 000009
increment_day@F14261                dataBANK1    000120
increment_day@curr_day_in_month     cstackCOMRAM 000021
increment_day@day_in_month          cstackCOMRAM 000009
increment_day@increment             cstackCOMRAM 000003
increment_month@increment           cstackCOMRAM 000001
increment_time@increment            cstackCOMRAM 000023
int$flags                           temp         000048
intlevel0                           text         000000
intlevel1                           text         000000
intlevel2                           text         000000
intlevel3                           text         000000
isa$std                             (abs)        000001
isa$xinst                           (abs)        000000
main@buf                            cstackBANK0  0000E3
main@curr_hour                      cstackBANK0  0000E5
main@test                           cstackBANK0  0000D1
main@text                           cstackBANK0  0000D3
pad@buf                             cstackBANK0  000072
pad@fp                              cstackBANK0  000070
pad@i                               cstackBANK0  000077
pad@p                               cstackBANK0  000074
pad@w                               cstackBANK0  000079
sprintf@ap                          cstackBANK0  0000BE
sprintf@f                           cstackBANK0  0000C0
sprintf@fmt                         cstackBANK0  0000BA
sprintf@s                           cstackBANK0  0000B8
stackhi                             (abs)        000000
stacklo                             (abs)        000000
start                               init         0000B0
start_initialization                cinit        002212
ttemp5                              temp         000049
ttemp6                              temp         00004C
ttemp7                              temp         000050
vfpfcnvrt@ap                        cstackBANK0  0000A2
vfpfcnvrt@convarg                   cstackBANK0  0000A6
vfpfcnvrt@cp                        cstackBANK0  0000AE
vfpfcnvrt@fmt                       cstackBANK0  0000A0
vfpfcnvrt@fp                        cstackBANK0  00009E
vfprintf@ap                         cstackBANK0  0000B4
vfprintf@cfmt                       cstackBANK0  0000B6
vfprintf@fmt                        cstackBANK0  0000B2
vfprintf@fp                         cstackBANK0  0000B0
wtemp8                              temp         000049


MODULE INFORMATION

Module		Function		Class		Link	Load	Size
C:\Program Files\Microchip\xc8\v2.40\pic\sources\c99\common\nf_fputc.c
		_fputc         		CODE           	1D48	0000	204

C:\Program Files\Microchip\xc8\v2.40\pic\sources\c99\common\nf_fputc.c estimated size: 204

timers.c
		_get_hour      		CODE           	25F2	0000	32
		_Timer0_init   		CODE           	1C68	0000	224
		_increment_day 		CODE           	1B7A	0000	238
		_increment_time		CODE           	1FA6	0000	190
		_increment_month		CODE           	24B2	0000	68

timers.c estimated size: 752

C:\Program Files\Microchip\xc8\v2.40\pic\sources\c99\common\lwdiv.c
		___lwdiv       		CODE           	219C	0000	118

C:\Program Files\Microchip\xc8\v2.40\pic\sources\c99\common\lwdiv.c estimated size: 118

C:\Program Files\Microchip\xc8\v2.40\pic\sources\c99\common\nf_sprintf.c
		_sprintf       		CODE           	23C6	0000	82

C:\Program Files\Microchip\xc8\v2.40\pic\sources\c99\common\nf_sprintf.c estimated size: 82

C:\Program Files\Microchip\xc8\v2.40\pic\sources\c99\common\fltol.c
		___fltol       		CODE           	1868	0000	264

C:\Program Files\Microchip\xc8\v2.40\pic\sources\c99\common\fltol.c estimated size: 264

interrupts.c
		_Interrupts_init		CODE           	2678	0000	16
		_HighISR       		CODE           	0008	0000	168

interrupts.c estimated size: 184

C:\Program Files\Microchip\xc8\v2.40\pic\sources\c99\common\abs.c
		_abs           		CODE           	24F6	0000	66

C:\Program Files\Microchip\xc8\v2.40\pic\sources\c99\common\abs.c estimated size: 66

LEDarray.c
		_LEDarray_init 		CODE           	2538	0000	56
		_LEDarray_disp_bin		CODE           	1E14	0000	202

LEDarray.c estimated size: 258

comparator.c
		_DAC_init      		CODE           	2664	0000	20
		_Comp1_init    		CODE           	25CE	0000	36

comparator.c estimated size: 56

C:\Program Files\Microchip\xc8\v2.40\pic\sources\c99\common\Umul32.c
		___lmul        		CODE           	2284	0000	108

C:\Program Files\Microchip\xc8\v2.40\pic\sources\c99\common\Umul32.c estimated size: 108

C:\Program Files\Microchip\xc8\v2.40\pic\sources\c99\common\xxtofl.c
		___xxtofl      		CODE           	1270	0000	440

C:\Program Files\Microchip\xc8\v2.40\pic\sources\c99\common\xxtofl.c estimated size: 440

C:\Program Files\Microchip\xc8\v2.40\pic\sources\c99\common\nf_fputs.c
		_fputs         		CODE           	246A	0000	72

C:\Program Files\Microchip\xc8\v2.40\pic\sources\c99\common\nf_fputs.c estimated size: 72

C:\Program Files\Microchip\xc8\v2.40\pic\sources\c99\common\aomod.c
		___aomod       		CODE           	15B2	0000	358

C:\Program Files\Microchip\xc8\v2.40\pic\sources\c99\common\aomod.c estimated size: 358

shared
		__initialization		CODE           	2212	0000	100
		i2___lmul      		CODE           	235C	0000	106

shared estimated size: 206

C:\Program Files\Microchip\xc8\v2.40\pic\sources\c99\common\flge.c
		___flge        		CODE           	1970	0000	262

C:\Program Files\Microchip\xc8\v2.40\pic\sources\c99\common\flge.c estimated size: 262

ADC.c
		_ADC_init      		CODE           	2632	0000	26
		_ADC_getval    		CODE           	2570	0000	50

ADC.c estimated size: 76

C:\Program Files\Microchip\xc8\v2.40\pic\sources\c99\common\putch.c
		_putch         		CODE           	269E	0000	2

C:\Program Files\Microchip\xc8\v2.40\pic\sources\c99\common\putch.c estimated size: 2

C:\Program Files\Microchip\xc8\v2.40\pic\sources\c99\common\doprnt.c
		_vfpfcnvrt     		CODE           	1718	0000	336
		_pad           		CODE           	211E	0000	126
		_dtoa          		CODE           	0E1E	0000	642
		_vfprintf      		CODE           	2418	0000	82

C:\Program Files\Microchip\xc8\v2.40\pic\sources\c99\common\doprnt.c estimated size: 1186

main.c
		_main          		CODE           	10A0	0000	464

main.c estimated size: 464

C:\Program Files\Microchip\xc8\v2.40\pic\sources\c99\common\aodiv.c
		___aodiv       		CODE           	1428	0000	394

C:\Program Files\Microchip\xc8\v2.40\pic\sources\c99\common\aodiv.c estimated size: 394

LCD.c
		_ADC2String    		CODE           	2612	0000	32
		_LCD_Init      		CODE           	2064	0000	186
		_LCD_sendbyte  		CODE           	25A2	0000	44
		_LCD_E_TOG     		CODE           	2688	0000	14
		_LCD_setline   		CODE           	1A76	0000	260
		_LCD_sendnibble		CODE           	22F0	0000	108
		_LCD_sendstring		CODE           	1EDE	0000	200

LCD.c estimated size: 844

