Microchip MPLAB XC8 Compiler V2.40

Linker command line:

-W-3 \
  --edf=C:\Program Files\Microchip\xc8\v2.40\pic\dat\20220703182018_en.msgs \
  -cn \
  -h+dist/default/debug\mini-project-energy-saving-automatic-outside-light-panagiotis.X.debug.sym \
  --cmf=dist/default/debug\mini-project-energy-saving-automatic-outside-light-panagiotis.X.debug.cmf \
  -z -Q18F67K40 -oC:\Users\arthu\AppData\Local\Temp\xcAs87k.4 \
  --defsym=__MPLAB_BUILD=1 --fixupoverflow=error \
  -Mdist/default/debug/mini-project-energy-saving-automatic-outside-light-panagiotis.X.debug.map \
  --md=C:\Users\arthu\AppData\Local\Temp\xcAs87k.dat -E1 -ver=XC8 Compiler \
  --acfsm=1493 -ACODE=00h-01FFFFh -ACONST=00h-01FFFFh \
  -ASMALLCONST=0E00h-0EFFhx498 -AMEDIUMCONST=0E00h-0FFFFh,010E00h-01FFFFh \
  -ACOMRAM=01h-05Fh -AABS1=00h-0DE9h -ABIGRAM=01h-0DE9h \
  -ARAM=060h-0FFh,0100h-01FFhx12,0D00h-0DE9h -ABANK0=060h-0FFh \
  -ABANK1=0100h-01FFh -ABANK2=0200h-02FFh -ABANK3=0300h-03FFh \
  -ABANK4=0400h-04FFh -ABANK5=0500h-05FFh -ABANK6=0600h-06FFh \
  -ABANK7=0700h-07FFh -ABANK8=0800h-08FFh -ABANK9=0900h-09FFh \
  -ABANK10=0A00h-0AFFh -ABANK11=0B00h-0BFFh -ABANK12=0C00h-0CFFh \
  -ABANK13=0D00h-0DE9h \
  -ASFR=0DEFh-0DFFh,0E00h-0EFFh,0F00h-0F5Fh,0F60h-0FFFh \
  -ABIGSFR=0DEFh-0FFFh -ACONFIG=0300000h-030000Bh -AIDLOC=0200000h-020000Fh \
  -AEEDATA=0310000h-03103FFh -peeprom_data=EEDATA \
  -preset_vec=00h,intcode=08h,intcodelo,powerup,init -pramtop=0E00h \
  -psmallconst=SMALLCONST -pmediumconst=MEDIUMCONST -pconst=CONST \
  -AFARRAM=00h-00h \
  -prdata=COMRAM,nvrram=COMRAM,nvbit=COMRAM,rbss=COMRAM,rbit=COMRAM \
  -pfarbss=FARRAM,fardata=FARRAM,nvFARRAM=FARRAM \
  -pintsave_regs=BIGRAM,bigbss=BIGRAM,bigdata=BIGRAM -pbss=RAM \
  -pidata=CODE,irdata=CODE,ibigdata=CODE,ifardata=CODE -prparam=COMRAM \
  C:\Users\arthu\AppData\Local\Temp\xcAs87k.o \
  dist/default/debug\mini-project-energy-saving-automatic-outside-light-panagiotis.X.debug.o 

Object code version is 3.11

Machine type is 18F67K40



                Name                               Link     Load   Length Selector   Space Scale
C:\Users\arthu\AppData\Local\Temp\xcAs87k.o
                idloc                            200000   200000       10        0       5
                config                           300000   300000        C        0       4
                init                                 B0       B0        4        4       0
                reset_vec                             0        0        6        0       0
dist/default/debug\mini-project-energy-saving-automatic-outside-light-panagiotis.X.debug.o
                intcode                               8        8       A8        4       0
                idloc                            200000   200000       10        0       5
                config                           300000   300000        C        0       4
                temp                                 50       50        1        1       1
                text20                              CE8      CE8       62        4       0
                text19                              ACA      ACA       BC        4       0
                text18                              B86      B86       92        4       0
                text16                              E4C      E4C       1A        4       0
                text15                              E66      E66       14        4       0
                text14                              E0C      E0C       24        4       0
                text13                              E7A      E7A       10        4       0
                text12                              940      940       CA        4       0
                text11                              DD4      DD4       38        4       0
                text10                              C18      C18       6C        4       0
                text9                               83A      83A      106        4       0
                text8                               732      732      108        4       0
                text7                               E94      E94        A        4       0
                text6                                B4       B4      39C        4       0
                text5                               450      450      1B8        4       0
                text4                               D4A      D4A       4E        4       0
                text3                               E8A      E8A        A        4       0
                text2                               C84      C84       64        4       0
                text1                               A0A      A0A       C0        4       0
                text0                               608      608      12A        4       0
                cstackCOMRAM                          1        1       2B        1       1
                cstackBANK0                          60       60       33       60       1
                bssBANK0                             93       93        4       60       1
                dataCOMRAM                           2C       2C       1C        1       1
                bssCOMRAM                            4C       4C        4        1       1
                cinit                               D98      D98       3C        4       0
                nvCOMRAM                             48       48        4        1       1
                idataCOMRAM                         E30      E30       1C        4       0

TOTAL           Name                               Link     Load   Length     Space
        CLASS   CODE           
                intcode                               8        8       A8         0
                init                                 B0       B0        4         0
                reset_vec                             0        0        6         0
                text20                              CE8      CE8       62         0
                text19                              ACA      ACA       BC         0
                text18                              B86      B86       92         0
                text16                              E4C      E4C       1A         0
                text15                              E66      E66       14         0
                text14                              E0C      E0C       24         0
                text13                              E7A      E7A       10         0
                text12                              940      940       CA         0
                text11                              DD4      DD4       38         0
                text10                              C18      C18       6C         0
                text9                               83A      83A      106         0
                text8                               732      732      108         0
                text7                               E94      E94        A         0
                text6                                B4       B4      39C         0
                text5                               450      450      1B8         0
                text4                               D4A      D4A       4E         0
                text3                               E8A      E8A        A         0
                text2                               C84      C84       64         0
                text1                               A0A      A0A       C0         0
                text0                               608      608      12A         0
                cinit                               D98      D98       3C         0
                idataCOMRAM                         E30      E30       1C         0

        CLASS   CONST          

        CLASS   SMALLCONST     

        CLASS   MEDIUMCONST    

        CLASS   COMRAM         
                temp                                 50       50        1         1
                cstackCOMRAM                          1        1       2B         1
                dataCOMRAM                           2C       2C       1C         1
                bssCOMRAM                            4C       4C        4         1
                nvCOMRAM                             48       48        4         1

        CLASS   ABS1           

        CLASS   BIGRAM         

        CLASS   RAM            

        CLASS   BANK0          
                cstackBANK0                          60       60       33         1
                bssBANK0                             93       93        4         1

        CLASS   BANK1          

        CLASS   BANK2          

        CLASS   BANK3          

        CLASS   BANK4          

        CLASS   BANK5          

        CLASS   BANK6          

        CLASS   BANK7          

        CLASS   BANK8          

        CLASS   BANK9          

        CLASS   BANK10         

        CLASS   BANK11         

        CLASS   BANK12         

        CLASS   BANK13         

        CLASS   SFR            

        CLASS   BIGSFR         

        CLASS   CONFIG         
                config                           300000   300000        C         4

        CLASS   IDLOC          
                idloc                            200000   200000       10         5

        CLASS   EEDATA         

        CLASS   FARRAM         

        CLASS   HEAP           

        CLASS   STACK          



SEGMENTS        Name                           Load    Length   Top    Selector   Space  Class

                reset_vec                      000000  000006  000006         0       0  CODE    
                cstackCOMRAM                   000001  000050  000051         1       1  COMRAM  
                intcode                        000008  000E96  000E9E         4       0  CODE    
                cstackBANK0                    000060  000037  000097        60       1  BANK0   


UNUSED ADDRESS RANGES

        Name                Unused          Largest block    Delta
        BANK0            000097-0000FF               69
        BANK1            000100-0001FF              100
        BANK10           000A00-000AFF              100
        BANK11           000B00-000BFF              100
        BANK12           000C00-000CFF              100
        BANK13           000D00-000DE9               EA
        BANK2            000200-0002FF              100
        BANK3            000300-0003FF              100
        BANK4            000400-0004FF              100
        BANK5            000500-0005FF              100
        BANK6            000600-0006FF              100
        BANK7            000700-0007FF              100
        BANK8            000800-0008FF              100
        BANK9            000900-0009FF              100
        BIGRAM           000051-00005F                F
                         000097-000DE9              D53
        BIGSFR           000DEF-000FFF              211
        CODE             000006-000007                2
                         000E9E-01FFFF            1F162
        COMRAM           000051-00005F                F
        CONST            000006-000007                2
                         000E9E-01FFFF            1F162
        EEDATA           310000-3103FF              400
        MEDIUMCONST      000E9E-00FFFF             F162
                         010E00-01FFFF             F200
        RAM              000097-000DE9              100
        SFR              000DEF-000FFF              100
        SMALLCONST       000E9E-01FFFF              100

                                  Symbol Table

?___fldiv                         cstackBANK0  00006E
?___fltol                         cstackBANK0  000060
?___xxtofl                        cstackBANK0  000060
?_get_day                         cstackBANK0  000060
?_get_hour                        cstackBANK0  000087
?_get_month                       cstackBANK0  000060
LEDarray_disp_bin@number          cstackBANK0  00006A
Timer0_init@current_day           cstackBANK0  000062
Timer0_init@current_month         cstackBANK0  000064
Timer0_init@init_test_mode        cstackBANK0  000060
Timer0_init@leap_year             cstackBANK0  000066
_ADCON0bits                       (abs)        000F60
_ADC_init                         text16       000E4C
_ADPCH                            (abs)        000F5F
_ADREFbits                        (abs)        000F58
_ADRESH                           (abs)        000F64
_ANSELAbits                       (abs)        000E92
_CM1CON0bits                      (abs)        000ED0
_CM1CON1bits                      (abs)        000ED1
_CM1NCHbits                       (abs)        000ED2
_CM1PCHbits                       (abs)        000ED3
_Comp1_init                       text14       000E0C
_DAC1CON0bits                     (abs)        000EC6
_DAC1CON1bits                     (abs)        000EC7
_DAC_init                         text15       000E66
_HighISR                          intcode      000008
_INTCONbits                       (abs)        000FF2
_IPR2bits                         (abs)        000E21
_Interrupts_init                  text13       000E7A
_LATAbits                         (abs)        000F79
_LATBbits                         (abs)        000F7A
_LATDbits                         (abs)        000F7C
_LATFbits                         (abs)        000F7E
_LATGbits                         (abs)        000F7F
_LATHbits                         (abs)        000F80
_LEDarray_disp_bin                text12       000940
_LEDarray_init                    text11       000DD4
_PIE0bits                         (abs)        000E29
_PIE2bits                         (abs)        000E2B
_PIR0bits                         (abs)        000E33
_PIR2bits                         (abs)        000E35
_PORTAbits                        (abs)        000F89
_PORTBbits                        (abs)        000F8A
_PORTFbits                        (abs)        000F8E
_PORTGbits                        (abs)        000F8F
_T0CON0bits                       (abs)        000FD5
_T0CON1bits                       (abs)        000FD6
_TMR0H                            (abs)        000FD4
_TMR0L                            (abs)        000FD3
_TRISAbits                        (abs)        000F81
_TRISBbits                        (abs)        000F82
_TRISDbits                        (abs)        000F84
_TRISFbits                        (abs)        000F86
_TRISGbits                        (abs)        000F87
_TRISHbits                        (abs)        000F88
_Timer0_init                      text10       000C18
__HRAM                            (abs)        000000
__Habs1                           abs1         000000
__Hbank0                          bank0        000000
__Hbank1                          bank1        000000
__Hbank10                         bank10       000000
__Hbank11                         bank11       000000
__Hbank12                         bank12       000000
__Hbank13                         bank13       000000
__Hbank2                          bank2        000000
__Hbank3                          bank3        000000
__Hbank4                          bank4        000000
__Hbank5                          bank5        000000
__Hbank6                          bank6        000000
__Hbank7                          bank7        000000
__Hbank8                          bank8        000000
__Hbank9                          bank9        000000
__Hbigbss                         bigbss       000000
__Hbigdata                        bigdata      000000
__Hbigram                         bigram       000000
__Hbigsfr                         bigsfr       000000
__Hbss                            bss          000000
__HbssBANK0                       bssBANK0     000000
__HbssCOMRAM                      bssCOMRAM    000000
__Hcinit                          cinit        000000
__Hclrtext                        clrtext      000000
__Hcomram                         comram       000000
__Hconfig                         config       30000C
__Hconst                          const        000000
__HcstackBANK0                    cstackBANK0  000000
__HcstackCOMRAM                   cstackCOMRAM 000000
__Hdata                           data         000000
__HdataCOMRAM                     dataCOMRAM   000000
__Heeprom_data                    eeprom_data  000000
__Hfarbss                         farbss       000000
__Hfardata                        fardata      000000
__Hheap                           heap         000000
__Hibigdata                       ibigdata     000000
__Hidata                          idata        000000
__HidataCOMRAM                    idataCOMRAM  000000
__Hidloc                          idloc        200010
__Hifardata                       ifardata     000000
__Hinit                           init         0000B4
__Hintcode                        intcode      0000B0
__Hintcode_body                   intcode_body 000000
__Hintcodelo                      intcodelo    0000B0
__Hintentry                       intentry     000000
__Hintret                         intret       000000
__Hintsave_regs                   intsave_regs 000000
__Hirdata                         irdata       000000
__Hmediumconst                    mediumconst  000000
__HnvCOMRAM                       nvCOMRAM     000000
__HnvFARRAM                       nvFARRAM     000000
__Hnvbit                          nvbit        000000
__Hnvrram                         nvrram       000000
__Hparam                          rparam       000000
__Hpowerup                        powerup      0000B0
__Hram                            ram          000000
__Hramtop                         ramtop       000E00
__Hrbit                           rbit         000000
__Hrbss                           rbss         000000
__Hrdata                          rdata        000000
__Hreset_vec                      reset_vec    000006
__Hrparam                         rparam       000000
__Hsfr                            sfr          000000
__Hsmallconst                     smallconst   000000
__Hspace_0                        (abs)        000E9E
__Hspace_1                        (abs)        000097
__Hspace_2                        (abs)        000000
__Hspace_4                        (abs)        60000C
__Hstack                          stack        000000
__Hstruct                         struct       000000
__Htemp                           temp         000051
__Htext                           text         000000
__Htext0                          text0        000000
__Htext1                          text1        000000
__Htext10                         text10       000000
__Htext11                         text11       000000
__Htext12                         text12       000000
__Htext13                         text13       000000
__Htext14                         text14       000000
__Htext15                         text15       000000
__Htext16                         text16       000000
__Htext18                         text18       000000
__Htext19                         text19       000000
__Htext2                          text2        000000
__Htext20                         text20       000000
__Htext3                          text3        000000
__Htext4                          text4        000000
__Htext5                          text5        000000
__Htext6                          text6        000000
__Htext7                          text7        000000
__Htext8                          text8        000000
__Htext9                          text9        000000
__LRAM                            (abs)        000001
__Labs1                           abs1         000000
__Lbank0                          bank0        000000
__Lbank1                          bank1        000000
__Lbank10                         bank10       000000
__Lbank11                         bank11       000000
__Lbank12                         bank12       000000
__Lbank13                         bank13       000000
__Lbank2                          bank2        000000
__Lbank3                          bank3        000000
__Lbank4                          bank4        000000
__Lbank5                          bank5        000000
__Lbank6                          bank6        000000
__Lbank7                          bank7        000000
__Lbank8                          bank8        000000
__Lbank9                          bank9        000000
__Lbigbss                         bigbss       000000
__Lbigdata                        bigdata      000000
__Lbigram                         bigram       000000
__Lbigsfr                         bigsfr       000000
__Lbss                            bss          000000
__LbssBANK0                       bssBANK0     000000
__LbssCOMRAM                      bssCOMRAM    000000
__Lcinit                          cinit        000000
__Lclrtext                        clrtext      000000
__Lcomram                         comram       000000
__Lconfig                         config       000000
__Lconst                          const        000000
__LcstackBANK0                    cstackBANK0  000000
__LcstackCOMRAM                   cstackCOMRAM 000000
__Ldata                           data         000000
__LdataCOMRAM                     dataCOMRAM   000000
__Leeprom_data                    eeprom_data  000000
__Lfarbss                         farbss       000000
__Lfardata                        fardata      000000
__Lheap                           heap         000000
__Libigdata                       ibigdata     000000
__Lidata                          idata        000000
__LidataCOMRAM                    idataCOMRAM  000000
__Lidloc                          idloc        000000
__Lifardata                       ifardata     000000
__Linit                           init         0000B0
__Lintcode                        intcode      000008
__Lintcode_body                   intcode_body 000000
__Lintcodelo                      intcodelo    0000B0
__Lintentry                       intentry     000000
__Lintret                         intret       000000
__Lintsave_regs                   intsave_regs 000000
__Lirdata                         irdata       000000
__Lmediumconst                    mediumconst  000000
__LnvCOMRAM                       nvCOMRAM     000000
__LnvFARRAM                       nvFARRAM     000000
__Lnvbit                          nvbit        000000
__Lnvrram                         nvrram       000000
__Lparam                          rparam       000000
__Lpowerup                        powerup      0000B0
__Lram                            ram          000000
__Lramtop                         ramtop       000E00
__Lrbit                           rbit         000000
__Lrbss                           rbss         000000
__Lrdata                          rdata        000000
__Lreset_vec                      reset_vec    000000
__Lrparam                         rparam       000000
__Lsfr                            sfr          000000
__Lsmallconst                     smallconst   000000
__Lspace_0                        (abs)        000000
__Lspace_1                        (abs)        000000
__Lspace_2                        (abs)        000000
__Lspace_4                        (abs)        000000
__Lstack                          stack        000000
__Lstruct                         struct       000000
__Ltemp                           temp         000050
__Ltext                           text         000000
__Ltext0                          text0        000000
__Ltext1                          text1        000000
__Ltext10                         text10       000000
__Ltext11                         text11       000000
__Ltext12                         text12       000000
__Ltext13                         text13       000000
__Ltext14                         text14       000000
__Ltext15                         text15       000000
__Ltext16                         text16       000000
__Ltext18                         text18       000000
__Ltext19                         text19       000000
__Ltext2                          text2        000000
__Ltext20                         text20       000000
__Ltext3                          text3        000000
__Ltext4                          text4        000000
__Ltext5                          text5        000000
__Ltext6                          text6        000000
__Ltext7                          text7        000000
__Ltext8                          text8        000000
__Ltext9                          text9        000000
__S0                              (abs)        000E9E
__S1                              (abs)        000097
__S4                              (abs)        000000
__S5                              (abs)        000000
___fldiv                          text6        0000B4
___fldiv@a                        cstackBANK0  000072
___fldiv@aexp                     cstackBANK0  000086
___fldiv@b                        cstackBANK0  00006E
___fldiv@bexp                     cstackBANK0  000085
___fldiv@grs                      cstackBANK0  000081
___fldiv@new_exp                  cstackBANK0  00007F
___fldiv@rem                      cstackBANK0  00007A
___fldiv@sign                     cstackBANK0  00007E
___flge                           text9        00083A
___flge@ff1                       cstackBANK0  000060
___flge@ff2                       cstackBANK0  000064
___fltol                          text8        000732
___fltol@exp1                     cstackBANK0  000069
___fltol@f1                       cstackBANK0  000060
___fltol@sign1                    cstackBANK0  000068
___heap_hi                        (abs)        000000
___heap_lo                        (abs)        000000
___inthi_sp                       stack        000000
___intlo_sp                       stack        000000
___param_bank                     (abs)        000000
___rparam_used                    (abs)        000001
___sp                             stack        000000
___xxtofl                         text5        000450
___xxtofl@arg                     cstackBANK0  00006A
___xxtofl@exp                     cstackBANK0  000069
___xxtofl@sign                    cstackBANK0  000068
___xxtofl@val                     cstackBANK0  000060
__accesstop                       (abs)        000060
__activetblptr                    (abs)        000000
__end_of_ADC_init                 text16       000E66
__end_of_Comp1_init               text14       000E30
__end_of_DAC_init                 text15       000E7A
__end_of_HighISR                  intcode      0000B0
__end_of_Interrupts_init          text13       000E8A
__end_of_LEDarray_disp_bin        text12       000A0A
__end_of_LEDarray_init            text11       000E0C
__end_of_Timer0_init              text10       000C84
__end_of___fldiv                  text6        000450
__end_of___flge                   text9        000940
__end_of___fltol                  text8        00083A
__end_of___xxtofl                 text5        000608
__end_of__initialization          cinit        000DCA
__end_of_get_day                  text7        000E9E
__end_of_get_hour                 text4        000D98
__end_of_get_month                text3        000E94
__end_of_increment_day            text1        000ACA
__end_of_increment_month          text2        000CE8
__end_of_increment_time           text18       000C18
__end_of_main                     text0        000732
__end_ofi2_increment_day          text19       000B86
__end_ofi2_increment_month        text20       000D4A
__initialization                  cinit        000D98
__mediumconst                     mediumconst  000000
__pbssBANK0                       bssBANK0     000093
__pbssCOMRAM                      bssCOMRAM    00004C
__pcinit                          cinit        000D98
__pcstackBANK0                    cstackBANK0  000060
__pcstackCOMRAM                   cstackCOMRAM 000001
__pdataCOMRAM                     dataCOMRAM   00002C
__pidataCOMRAM                    idataCOMRAM  000E30
__pintcode                        intcode      000008
__pnvCOMRAM                       nvCOMRAM     000048
__ptext0                          text0        000608
__ptext1                          text1        000A0A
__ptext10                         text10       000C18
__ptext11                         text11       000DD4
__ptext12                         text12       000940
__ptext13                         text13       000E7A
__ptext14                         text14       000E0C
__ptext15                         text15       000E66
__ptext16                         text16       000E4C
__ptext18                         text18       000B86
__ptext19                         text19       000ACA
__ptext2                          text2        000C84
__ptext20                         text20       000CE8
__ptext3                          text3        000E8A
__ptext4                          text4        000D4A
__ptext5                          text5        000450
__ptext6                          text6        0000B4
__ptext7                          text7        000E94
__ptext8                          text8        000732
__ptext9                          text9        00083A
__ramtop                          ramtop       000E00
__smallconst                      smallconst   000000
_day                              dataCOMRAM   000046
_get_day                          text7        000E94
_get_hour                         text4        000D4A
_get_month                        text3        000E8A
_increment_day                    text1        000A0A
_increment_month                  text2        000C84
_increment_time                   text18       000B86
_leap_year_count                  nvCOMRAM     000048
_main                             text0        000608
_month                            dataCOMRAM   000044
_test_mode                        nvCOMRAM     00004A
_test_time_corrector              bssCOMRAM    00004C
_time_counter                     bssBANK0     000093
btemp                             temp         000050
end_of_initialization             cinit        000DCA
i2_increment_day                  text19       000ACA
i2_increment_month                text20       000CE8
i2increment_day@curr_day_in_month cstackCOMRAM 000021
i2increment_day@day_in_month      cstackCOMRAM 000009
i2increment_day@increment         cstackCOMRAM 000003
i2increment_month@increment       cstackCOMRAM 000001
increment_day@F14250              dataCOMRAM   00002C
increment_day@curr_day_in_month   cstackBANK0  000080
increment_day@day_in_month        cstackBANK0  000068
increment_day@increment           cstackBANK0  000062
increment_month@increment         cstackBANK0  000060
increment_time@increment          cstackCOMRAM 000023
int$flags                         temp         000050
intlevel0                         text         000000
intlevel1                         text         000000
intlevel2                         text         000000
intlevel3                         text         000000
isa$std                           (abs)        000001
isa$xinst                         (abs)        000000
main@curr_day                     cstackBANK0  00008B
main@curr_hour                    cstackBANK0  00008F
main@curr_month                   cstackBANK0  00008D
stackhi                           (abs)        000000
stacklo                           (abs)        000000
start                             init         0000B0
start_initialization              cinit        000D98
ttemp5                            temp         000051
ttemp6                            temp         000054
ttemp7                            temp         000058
wtemp8                            temp         000051


MODULE INFORMATION

Module		Function		Class		Link	Load	Size
timers.c
		_get_hour      		CODE           	0D4A	0000	78
		_Timer0_init   		CODE           	0C18	0000	108
		_get_month     		CODE           	0E8A	0000	10
		_increment_day 		CODE           	0A0A	0000	192
		_increment_time		CODE           	0B86	0000	146
		_get_day       		CODE           	0E94	0000	10
		_increment_month		CODE           	0C84	0000	100

timers.c estimated size: 644

C:\Program Files\Microchip\xc8\v2.40\pic\sources\c99\common\sprcdiv.c
		___fldiv       		CODE           	00B4	0000	924

C:\Program Files\Microchip\xc8\v2.40\pic\sources\c99\common\sprcdiv.c estimated size: 924

C:\Program Files\Microchip\xc8\v2.40\pic\sources\c99\common\fltol.c
		___fltol       		CODE           	0732	0000	264

C:\Program Files\Microchip\xc8\v2.40\pic\sources\c99\common\fltol.c estimated size: 264

interrupts.c
		_Interrupts_init		CODE           	0E7A	0000	16
		_HighISR       		CODE           	0008	0000	168

interrupts.c estimated size: 184

LEDarray.c
		_LEDarray_init 		CODE           	0DD4	0000	56
		_LEDarray_disp_bin		CODE           	0940	0000	202

LEDarray.c estimated size: 258

comparator.c
		_DAC_init      		CODE           	0E66	0000	20
		_Comp1_init    		CODE           	0E0C	0000	36

comparator.c estimated size: 56

C:\Program Files\Microchip\xc8\v2.40\pic\sources\c99\common\xxtofl.c
		___xxtofl      		CODE           	0450	0000	440

C:\Program Files\Microchip\xc8\v2.40\pic\sources\c99\common\xxtofl.c estimated size: 440

shared
		__initialization		CODE           	0D98	0000	50
		i2_increment_month		CODE           	0CE8	0000	98
		i2_increment_day		CODE           	0ACA	0000	188

shared estimated size: 336

C:\Program Files\Microchip\xc8\v2.40\pic\sources\c99\common\flge.c
		___flge        		CODE           	083A	0000	262

C:\Program Files\Microchip\xc8\v2.40\pic\sources\c99\common\flge.c estimated size: 262

ADC.c
		_ADC_init      		CODE           	0E4C	0000	26

ADC.c estimated size: 26

main.c
		_main          		CODE           	0608	0000	298

main.c estimated size: 298

