Microchip MPLAB XC8 Compiler V2.40

Linker command line:

-W-3 \
  --edf=C:\Program Files\Microchip\xc8\v2.40\pic\dat\20220703182018_en.msgs \
  -cn \
  -h+dist/default/production\mini-project-energy-saving-automatic-outside-light-panagiotis.X.production.sym \
  --cmf=dist/default/production\mini-project-energy-saving-automatic-outside-light-panagiotis.X.production.cmf \
  -z -Q18F67K40 -oC:\Users\arthu\AppData\Local\Temp\xcAs5es.4 \
  --defsym=__MPLAB_BUILD=1 --fixupoverflow=error \
  -Mdist/default/production/mini-project-energy-saving-automatic-outside-light-panagiotis.X.production.map \
  --md=C:\Users\arthu\AppData\Local\Temp\xcAs5es.dat -E1 -ver=XC8 Compiler \
  --acfsm=1493 -ACODE=00h-01FFFFh -ACONST=00h-01FFFFh \
  -ASMALLCONST=0E00h-0EFFhx498 -AMEDIUMCONST=0E00h-0FFFFh,010E00h-01FFFFh \
  -ACOMRAM=01h-05Fh -AABS1=00h-0DE9h -ABIGRAM=01h-0DE9h \
  -ARAM=060h-0FFh,0100h-01FFhx12,0D00h-0DE9h -ABANK0=060h-0FFh \
  -ABANK1=0100h-01FFh -ABANK2=0200h-02FFh -ABANK3=0300h-03FFh \
  -ABANK4=0400h-04FFh -ABANK5=0500h-05FFh -ABANK6=0600h-06FFh \
  -ABANK7=0700h-07FFh -ABANK8=0800h-08FFh -ABANK9=0900h-09FFh \
  -ABANK10=0A00h-0AFFh -ABANK11=0B00h-0BFFh -ABANK12=0C00h-0CFFh \
  -ABANK13=0D00h-0DE9h \
  -ASFR=0DEFh-0DFFh,0E00h-0EFFh,0F00h-0F5Fh,0F60h-0FFFh \
  -ABIGSFR=0DEFh-0FFFh -ACONFIG=0300000h-030000Bh -AIDLOC=0200000h-020000Fh \
  -AEEDATA=0310000h-03103FFh -peeprom_data=EEDATA \
  -preset_vec=00h,intcode=08h,intcodelo,powerup,init -pramtop=0E00h \
  -psmallconst=SMALLCONST -pmediumconst=MEDIUMCONST -pconst=CONST \
  -AFARRAM=00h-00h \
  -prdata=COMRAM,nvrram=COMRAM,nvbit=COMRAM,rbss=COMRAM,rbit=COMRAM \
  -pfarbss=FARRAM,fardata=FARRAM,nvFARRAM=FARRAM \
  -pintsave_regs=BIGRAM,bigbss=BIGRAM,bigdata=BIGRAM -pbss=RAM \
  -pidata=CODE,irdata=CODE,ibigdata=CODE,ifardata=CODE -prparam=COMRAM \
  C:\Users\arthu\AppData\Local\Temp\xcAs5es.o \
  dist/default/production\mini-project-energy-saving-automatic-outside-light-panagiotis.X.production.o 

Object code version is 3.11

Machine type is 18F67K40



                Name                               Link     Load   Length Selector   Space Scale
C:\Users\arthu\AppData\Local\Temp\xcAs5es.o
                idloc                            200000   200000       10        0       5
                config                           300000   300000        C        0       4
                init                                 5E       5E        4        4       0
                reset_vec                             0        0        4        0       0
dist/default/production\mini-project-energy-saving-automatic-outside-light-panagiotis.X.production.o
                intcode                               8        8       56        4       0
                idloc                            200000   200000       10        0       5
                config                           300000   300000        C        0       4
                temp                                 5B       5B        1        1       1
                smallconst                          E00      E00       30      700       0
                text37                             17A2     17A2      158      718       0
                text35                             229E     229E       26      718       0
                text34                             2272     2272       2C      718       0
                text33                             2134     2134       46      718       0
                text32                             1644     1644      15E      718       0
                text31                             1A08     1A08       F0      718       0
                text30                             1BD6     1BD6       D0      718       0
                text29                             2382     2382        2      718       0
                text28                             1CA6     1CA6       CA      718       0
                text27                             21BE     21BE       44      718       0
                text26                             1E28     1E28       AA      718       0
                text25                             1100     1100      1FA      718       0
                text24                              E30      E30      2D0      718       0
                text23                             2040     2040       54      718       0
                text22                             2094     2094       52      718       0
                text21                             1D70     1D70       B8      718       0
                text20                             2242     2242       30      718       0
                text19                             230C     230C       1A      718       0
                text18                             2334     2334        C      718       0
                text17                             2326     2326        E      718       0
                text16                             1F78     1F78       68      718       0
                text15                             22E8     22E8       24      718       0
                text14                             1ED2     1ED2       A6      718       0
                text13                             2202     2202       40      718       0
                text12                             18FA     18FA      10E      718       0
                text11                             14BE     14BE      186      718       0
                text10                             237C     237C        4      718       0
                text9                              217A     217A       44      718       0
                text8                              2372     2372        A      718       0
                text7                              2368     2368        A      718       0
                text6                              235E     235E        A      718       0
                text5                              2354     2354        A      718       0
                text4                              234A     234A        A      718       0
                text3                              1AF8     1AF8       DE      718       0
                text2                              2340     2340        A      718       0
                text1                              20E6     20E6       4E      718       0
                text0                              12FA     12FA      1C4      718       0
                cstackCOMRAM                          1        1       55        1       1
                cstackBANK0                          60       60       48       60       1
                bssBANK1                            100      100       20      100       1
                dataBANK0                            A8       A8       24       60       1
                bssBANK0                             CC       CC       1A       60       1
                dataCOMRAM                           59       59        2        1       1
                bssCOMRAM                            56       56        3        1       1
                cinit                              1FE0     1FE0       60      718       0
                idataBANK0                         22C4     22C4       24      718       0
                idataCOMRAM                        2380     2380        2      718       0

TOTAL           Name                               Link     Load   Length     Space
        CLASS   CODE           
                intcode                               8        8       56         0
                init                                 5E       5E        4         0
                reset_vec                             0        0        4         0
                text37                             17A2     17A2      158         0
                text35                             229E     229E       26         0
                text34                             2272     2272       2C         0
                text33                             2134     2134       46         0
                text32                             1644     1644      15E         0
                text31                             1A08     1A08       F0         0
                text30                             1BD6     1BD6       D0         0
                text29                             2382     2382        2         0
                text28                             1CA6     1CA6       CA         0
                text27                             21BE     21BE       44         0
                text26                             1E28     1E28       AA         0
                text25                             1100     1100      1FA         0
                text24                              E30      E30      2D0         0
                text23                             2040     2040       54         0
                text22                             2094     2094       52         0
                text21                             1D70     1D70       B8         0
                text20                             2242     2242       30         0
                text19                             230C     230C       1A         0
                text18                             2334     2334        C         0
                text17                             2326     2326        E         0
                text16                             1F78     1F78       68         0
                text15                             22E8     22E8       24         0
                text14                             1ED2     1ED2       A6         0
                text13                             2202     2202       40         0
                text12                             18FA     18FA      10E         0
                text11                             14BE     14BE      186         0
                text10                             237C     237C        4         0
                text9                              217A     217A       44         0
                text8                              2372     2372        A         0
                text7                              2368     2368        A         0
                text6                              235E     235E        A         0
                text5                              2354     2354        A         0
                text4                              234A     234A        A         0
                text3                              1AF8     1AF8       DE         0
                text2                              2340     2340        A         0
                text1                              20E6     20E6       4E         0
                text0                              12FA     12FA      1C4         0
                cinit                              1FE0     1FE0       60         0
                idataBANK0                         22C4     22C4       24         0
                idataCOMRAM                        2380     2380        2         0

        CLASS   CONST          

        CLASS   SMALLCONST     
                smallconst                          E00      E00       30         0

        CLASS   MEDIUMCONST    

        CLASS   COMRAM         
                temp                                 5B       5B        1         1
                cstackCOMRAM                          1        1       55         1
                dataCOMRAM                           59       59        2         1
                bssCOMRAM                            56       56        3         1

        CLASS   ABS1           

        CLASS   BIGRAM         

        CLASS   RAM            

        CLASS   BANK0          
                cstackBANK0                          60       60       48         1
                dataBANK0                            A8       A8       24         1
                bssBANK0                             CC       CC       1A         1

        CLASS   BANK1          
                bssBANK1                            100      100       20         1

        CLASS   BANK2          

        CLASS   BANK3          

        CLASS   BANK4          

        CLASS   BANK5          

        CLASS   BANK6          

        CLASS   BANK7          

        CLASS   BANK8          

        CLASS   BANK9          

        CLASS   BANK10         

        CLASS   BANK11         

        CLASS   BANK12         

        CLASS   BANK13         

        CLASS   SFR            

        CLASS   BIGSFR         

        CLASS   CONFIG         
                config                           300000   300000        C         4

        CLASS   IDLOC          
                idloc                            200000   200000       10         5

        CLASS   EEDATA         

        CLASS   FARRAM         

        CLASS   HEAP           

        CLASS   STACK          



SEGMENTS        Name                           Load    Length   Top    Selector   Space  Class

                reset_vec                      000000  000004  000004         0       0  CODE    
                cstackCOMRAM                   000001  00005B  00005C         1       1  COMRAM  
                intcode                        000008  00005A  000062         4       0  CODE    
                cstackBANK0                    000060  000086  0000E6        60       1  BANK0   
                bssBANK1                       000100  000020  000120       100       1  BANK1   
                smallconst                     000E00  000030  000E30       700       0  SMALLCON
                text24                         000E30  001554  002384       718       0  CODE    


UNUSED ADDRESS RANGES

        Name                Unused          Largest block    Delta
        BANK0            0000E6-0000FF               1A
        BANK1            000120-0001FF               E0
        BANK10           000A00-000AFF              100
        BANK11           000B00-000BFF              100
        BANK12           000C00-000CFF              100
        BANK13           000D00-000DE9               EA
        BANK2            000200-0002FF              100
        BANK3            000300-0003FF              100
        BANK4            000400-0004FF              100
        BANK5            000500-0005FF              100
        BANK6            000600-0006FF              100
        BANK7            000700-0007FF              100
        BANK8            000800-0008FF              100
        BANK9            000900-0009FF              100
        BIGRAM           00005C-00005F                4
                         0000E6-0000FF               1A
                         000120-000DE9              CCA
        BIGSFR           000DEF-000FFF              211
        CODE             000004-000007                4
                         000062-000DFF              D9E
                         002384-01FFFF            1DC7C
        COMRAM           00005C-00005F                4
        CONST            000004-000007                4
                         000062-000DFF              D9E
                         002384-01FFFF            1DC7C
        EEDATA           310000-3103FF              400
        MEDIUMCONST      002384-00FFFF             DC7C
                         010E00-01FFFF             F200
        RAM              0000E6-0000FF               1A
                         000120-000DE9              100
        SFR              000DEF-000FFF              100
        SMALLCONST       002384-01FFFF              100

                                  Symbol Table

?_ADC_getval               cstackCOMRAM 000005
?___lodiv                  cstackCOMRAM 000005
?___lomod                  cstackCOMRAM 000005
?___wmul                   cstackCOMRAM 000005
?_atoi                     cstackCOMRAM 00000B
?_get_day                  cstackCOMRAM 000005
?_get_hours                cstackCOMRAM 000005
?_get_minutes              cstackCOMRAM 000005
?_get_month                cstackCOMRAM 000005
?_get_seconds              cstackCOMRAM 000005
?_get_week_day             cstackCOMRAM 000005
?_get_year                 cstackCOMRAM 000005
?_isdigit                  cstackCOMRAM 000005
?_isspace                  cstackCOMRAM 000005
?_sprintf                  cstackBANK0  000068
?_vfprintf                 cstackBANK0  000060
ADC2String@buf             cstackBANK0  00007B
ADC2String@leading_zeros   cstackBANK0  00007F
ADC2String@x               cstackBANK0  00007D
ADC_getval@tmpval          cstackCOMRAM 000007
LCD_sendbyte@Byte          cstackCOMRAM 000007
LCD_sendbyte@type          cstackCOMRAM 000006
LCD_sendnibble@number      cstackCOMRAM 000005
LCD_sendstring@i           cstackCOMRAM 00000E
LCD_sendstring@strlst      cstackCOMRAM 00000A
LCD_setline@line           cstackCOMRAM 000008
_ADC2String                text21       001D70
_ADCON0bits                (abs)        000F60
_ADC_getval                text20       002242
_ADC_init                  text19       00230C
_ADPCH                     (abs)        000F5F
_ADREFbits                 (abs)        000F58
_ADRESH                    (abs)        000F64
_ANSELAbits                (abs)        000E92
_CM1CON0bits               (abs)        000ED0
_CM1CON1bits               (abs)        000ED1
_CM1NCHbits                (abs)        000ED2
_CM1PCHbits                (abs)        000ED3
_DAC1CON0bits              (abs)        000EC6
_DAC1CON1bits              (abs)        000EC7
_HighISR                   intcode      000008
_INTCONbits                (abs)        000FF2
_Interrupts_init           text18       002334
_LATAbits                  (abs)        000F79
_LATBbits                  (abs)        000F7A
_LATCbits                  (abs)        000F7B
_LATEbits                  (abs)        000F7D
_LATFbits                  (abs)        000F7E
_LATGbits                  (abs)        000F7F
_LATHbits                  (abs)        000F80
_LCD_E_TOG                 text17       002326
_LCD_Init                  text14       001ED2
_LCD_clear                 text13       002202
_LCD_sendbyte              text15       0022E8
_LCD_sendnibble            text16       001F78
_LCD_sendstring            text11       0014BE
_LCD_setline               text12       0018FA
_Light_init                text10       00237C
_PIE0bits                  (abs)        000E29
_PIE2bits                  (abs)        000E2B
_PIR0bits                  (abs)        000E33
_PORTAbits                 (abs)        000F89
_PORTBbits                 (abs)        000F8A
_PORTFbits                 (abs)        000F8E
_PORTGbits                 (abs)        000F8F
_T0CON0bits                (abs)        000FD5
_T0CON1bits                (abs)        000FD6
_TMR0H                     (abs)        000FD4
_TMR0L                     (abs)        000FD3
_TRISAbits                 (abs)        000F81
_TRISBbits                 (abs)        000F82
_TRISCbits                 (abs)        000F83
_TRISEbits                 (abs)        000F85
_TRISFbits                 (abs)        000F86
_TRISGbits                 (abs)        000F87
_TRISHbits                 (abs)        000F88
_Timer0_init               text9        00217A
__HRAM                     (abs)        000000
__Habs1                    abs1         000000
__Hbank0                   bank0        000000
__Hbank1                   bank1        000000
__Hbank10                  bank10       000000
__Hbank11                  bank11       000000
__Hbank12                  bank12       000000
__Hbank13                  bank13       000000
__Hbank2                   bank2        000000
__Hbank3                   bank3        000000
__Hbank4                   bank4        000000
__Hbank5                   bank5        000000
__Hbank6                   bank6        000000
__Hbank7                   bank7        000000
__Hbank8                   bank8        000000
__Hbank9                   bank9        000000
__Hbigbss                  bigbss       000000
__Hbigdata                 bigdata      000000
__Hbigram                  bigram       000000
__Hbigsfr                  bigsfr       000000
__Hbss                     bss          000000
__HbssBANK0                bssBANK0     000000
__HbssBANK1                bssBANK1     000000
__HbssCOMRAM               bssCOMRAM    000000
__Hcinit                   cinit        000000
__Hclrtext                 clrtext      000000
__Hcomram                  comram       000000
__Hconfig                  config       30000C
__Hconst                   const        000000
__HcstackBANK0             cstackBANK0  000000
__HcstackCOMRAM            cstackCOMRAM 000000
__Hdata                    data         000000
__HdataBANK0               dataBANK0    000000
__HdataCOMRAM              dataCOMRAM   000000
__Heeprom_data             eeprom_data  000000
__Hfarbss                  farbss       000000
__Hfardata                 fardata      000000
__Hheap                    heap         000000
__Hibigdata                ibigdata     000000
__Hidata                   idata        000000
__HidataBANK0              idataBANK0   000000
__HidataCOMRAM             idataCOMRAM  000000
__Hidloc                   idloc        200010
__Hifardata                ifardata     000000
__Hinit                    init         000062
__Hintcode                 intcode      00005E
__Hintcode_body            intcode_body 000000
__Hintcodelo               intcodelo    00005E
__Hintentry                intentry     000000
__Hintret                  intret       000000
__Hintsave_regs            intsave_regs 000000
__Hirdata                  irdata       000000
__Hmediumconst             mediumconst  000000
__HnvFARRAM                nvFARRAM     000000
__Hnvbit                   nvbit        000000
__Hnvrram                  nvrram       000000
__Hparam                   rparam       000000
__Hpowerup                 powerup      00005E
__Hram                     ram          000000
__Hramtop                  ramtop       000E00
__Hrbit                    rbit         000000
__Hrbss                    rbss         000000
__Hrdata                   rdata        000000
__Hreset_vec               reset_vec    000004
__Hrparam                  rparam       000000
__Hsfr                     sfr          000000
__Hsmallconst              smallconst   000E30
__Hspace_0                 (abs)        002384
__Hspace_1                 (abs)        000120
__Hspace_2                 (abs)        000000
__Hspace_4                 (abs)        60000C
__Hstack                   stack        000000
__Hstruct                  struct       000000
__Htemp                    temp         00005C
__Htext                    text         000000
__Htext0                   text0        000000
__Htext1                   text1        000000
__Htext10                  text10       000000
__Htext11                  text11       000000
__Htext12                  text12       000000
__Htext13                  text13       000000
__Htext14                  text14       000000
__Htext15                  text15       000000
__Htext16                  text16       000000
__Htext17                  text17       000000
__Htext18                  text18       000000
__Htext19                  text19       000000
__Htext2                   text2        000000
__Htext20                  text20       000000
__Htext21                  text21       000000
__Htext22                  text22       000000
__Htext23                  text23       000000
__Htext24                  text24       000000
__Htext25                  text25       000000
__Htext26                  text26       000000
__Htext27                  text27       000000
__Htext28                  text28       000000
__Htext29                  text29       000000
__Htext3                   text3        000000
__Htext30                  text30       000000
__Htext31                  text31       000000
__Htext32                  text32       000000
__Htext33                  text33       000000
__Htext34                  text34       000000
__Htext35                  text35       000000
__Htext37                  text37       000000
__Htext4                   text4        000000
__Htext5                   text5        000000
__Htext6                   text6        000000
__Htext7                   text7        000000
__Htext8                   text8        000000
__Htext9                   text9        000000
__LRAM                     (abs)        000001
__Labs1                    abs1         000000
__Lbank0                   bank0        000000
__Lbank1                   bank1        000000
__Lbank10                  bank10       000000
__Lbank11                  bank11       000000
__Lbank12                  bank12       000000
__Lbank13                  bank13       000000
__Lbank2                   bank2        000000
__Lbank3                   bank3        000000
__Lbank4                   bank4        000000
__Lbank5                   bank5        000000
__Lbank6                   bank6        000000
__Lbank7                   bank7        000000
__Lbank8                   bank8        000000
__Lbank9                   bank9        000000
__Lbigbss                  bigbss       000000
__Lbigdata                 bigdata      000000
__Lbigram                  bigram       000000
__Lbigsfr                  bigsfr       000000
__Lbss                     bss          000000
__LbssBANK0                bssBANK0     000000
__LbssBANK1                bssBANK1     000000
__LbssCOMRAM               bssCOMRAM    000000
__Lcinit                   cinit        000000
__Lclrtext                 clrtext      000000
__Lcomram                  comram       000000
__Lconfig                  config       000000
__Lconst                   const        000000
__LcstackBANK0             cstackBANK0  000000
__LcstackCOMRAM            cstackCOMRAM 000000
__Ldata                    data         000000
__LdataBANK0               dataBANK0    000000
__LdataCOMRAM              dataCOMRAM   000000
__Leeprom_data             eeprom_data  000000
__Lfarbss                  farbss       000000
__Lfardata                 fardata      000000
__Lheap                    heap         000000
__Libigdata                ibigdata     000000
__Lidata                   idata        000000
__LidataBANK0              idataBANK0   000000
__LidataCOMRAM             idataCOMRAM  000000
__Lidloc                   idloc        000000
__Lifardata                ifardata     000000
__Linit                    init         00005E
__Lintcode                 intcode      000008
__Lintcode_body            intcode_body 000000
__Lintcodelo               intcodelo    00005E
__Lintentry                intentry     000000
__Lintret                  intret       000000
__Lintsave_regs            intsave_regs 000000
__Lirdata                  irdata       000000
__Lmediumconst             mediumconst  000000
__LnvFARRAM                nvFARRAM     000000
__Lnvbit                   nvbit        000000
__Lnvrram                  nvrram       000000
__Lparam                   rparam       000000
__Lpowerup                 powerup      00005E
__Lram                     ram          000000
__Lramtop                  ramtop       000E00
__Lrbit                    rbit         000000
__Lrbss                    rbss         000000
__Lrdata                   rdata        000000
__Lreset_vec               reset_vec    000000
__Lrparam                  rparam       000000
__Lsfr                     sfr          000000
__Lsmallconst              smallconst   000E00
__Lspace_0                 (abs)        000000
__Lspace_1                 (abs)        000000
__Lspace_2                 (abs)        000000
__Lspace_4                 (abs)        000000
__Lstack                   stack        000000
__Lstruct                  struct       000000
__Ltemp                    temp         00005B
__Ltext                    text         000000
__Ltext0                   text0        000000
__Ltext1                   text1        000000
__Ltext10                  text10       000000
__Ltext11                  text11       000000
__Ltext12                  text12       000000
__Ltext13                  text13       000000
__Ltext14                  text14       000000
__Ltext15                  text15       000000
__Ltext16                  text16       000000
__Ltext17                  text17       000000
__Ltext18                  text18       000000
__Ltext19                  text19       000000
__Ltext2                   text2        000000
__Ltext20                  text20       000000
__Ltext21                  text21       000000
__Ltext22                  text22       000000
__Ltext23                  text23       000000
__Ltext24                  text24       000000
__Ltext25                  text25       000000
__Ltext26                  text26       000000
__Ltext27                  text27       000000
__Ltext28                  text28       000000
__Ltext29                  text29       000000
__Ltext3                   text3        000000
__Ltext30                  text30       000000
__Ltext31                  text31       000000
__Ltext32                  text32       000000
__Ltext33                  text33       000000
__Ltext34                  text34       000000
__Ltext35                  text35       000000
__Ltext37                  text37       000000
__Ltext4                   text4        000000
__Ltext5                   text5        000000
__Ltext6                   text6        000000
__Ltext7                   text7        000000
__Ltext8                   text8        000000
__Ltext9                   text9        000000
__S0                       (abs)        002384
__S1                       (abs)        000120
__S4                       (abs)        000000
__S5                       (abs)        000000
___heap_hi                 (abs)        000000
___heap_lo                 (abs)        000000
___inthi_sp                stack        000000
___intlo_sp                stack        000000
___lodiv                   text31       001A08
___lodiv@counter           cstackCOMRAM 00001D
___lodiv@dividend          cstackCOMRAM 000005
___lodiv@divisor           cstackCOMRAM 00000D
___lodiv@quotient          cstackCOMRAM 000015
___lomod                   text30       001BD6
___lomod@counter           cstackCOMRAM 000015
___lomod@dividend          cstackCOMRAM 000005
___lomod@divisor           cstackCOMRAM 00000D
___param_bank              (abs)        000000
___rparam_used             (abs)        000001
___sp                      stack        000000
___wmul                    text35       00229E
___wmul@multiplicand       cstackCOMRAM 000007
___wmul@multiplier         cstackCOMRAM 000005
___wmul@product            cstackCOMRAM 000009
__accesstop                (abs)        000060
__activetblptr             (abs)        000003
__end_of_ADC2String        text21       001E28
__end_of_ADC_getval        text20       002272
__end_of_ADC_init          text19       002326
__end_of_HighISR           intcode      00005E
__end_of_Interrupts_init   text18       002340
__end_of_LCD_E_TOG         text17       002334
__end_of_LCD_Init          text14       001F78
__end_of_LCD_clear         text13       002242
__end_of_LCD_sendbyte      text15       00230C
__end_of_LCD_sendnibble    text16       001FE0
__end_of_LCD_sendstring    text11       001644
__end_of_LCD_setline       text12       001A08
__end_of_Light_init        text10       002380
__end_of_Timer0_init       text9        0021BE
__end_of___lodiv           text31       001AF8
__end_of___lomod           text30       001CA6
__end_of___wmul            text35       0022C4
__end_of__initialization   cinit        002036
__end_of_atoi              text32       0017A2
__end_of_fputc             text28       001D70
__end_of_fputs             text27       002202
__end_of_get_day           text8        00237C
__end_of_get_hours         text7        002372
__end_of_get_minutes       text6        002368
__end_of_get_month         text5        00235E
__end_of_get_seconds       text4        002354
__end_of_get_week_day      text3        001BD6
__end_of_get_year          text2        00234A
__end_of_increment_seconds text37       0018FA
__end_of_isdigit           text34       00229E
__end_of_isspace           text33       00217A
__end_of_main              text0        0014BE
__end_of_pad               text26       001ED2
__end_of_putch             text29       002384
__end_of_set_light         text1        002134
__end_of_sprintf           text22       0020E6
__end_of_utoa              text25       0012FA
__end_of_vfpfcnvrt         text24       001100
__end_of_vfprintf          text23       002094
__initialization           cinit        001FE0
__mediumconst              mediumconst  000000
__pbssBANK0                bssBANK0     0000CC
__pbssBANK1                bssBANK1     000100
__pbssCOMRAM               bssCOMRAM    000056
__pcinit                   cinit        001FE0
__pcstackBANK0             cstackBANK0  000060
__pcstackCOMRAM            cstackCOMRAM 000001
__pdataBANK0               dataBANK0    0000A8
__pdataCOMRAM              dataCOMRAM   000059
__pidataBANK0              idataBANK0   0022C4
__pidataCOMRAM             idataCOMRAM  002380
__pintcode                 intcode      000008
__psmallconst              smallconst   000E00
__ptext0                   text0        0012FA
__ptext1                   text1        0020E6
__ptext10                  text10       00237C
__ptext11                  text11       0014BE
__ptext12                  text12       0018FA
__ptext13                  text13       002202
__ptext14                  text14       001ED2
__ptext15                  text15       0022E8
__ptext16                  text16       001F78
__ptext17                  text17       002326
__ptext18                  text18       002334
__ptext19                  text19       00230C
__ptext2                   text2        002340
__ptext20                  text20       002242
__ptext21                  text21       001D70
__ptext22                  text22       002094
__ptext23                  text23       002040
__ptext24                  text24       000E30
__ptext25                  text25       001100
__ptext26                  text26       001E28
__ptext27                  text27       0021BE
__ptext28                  text28       001CA6
__ptext29                  text29       002382
__ptext3                   text3        001AF8
__ptext30                  text30       001BD6
__ptext31                  text31       001A08
__ptext32                  text32       001644
__ptext33                  text33       002134
__ptext34                  text34       002272
__ptext35                  text35       00229E
__ptext37                  text37       0017A2
__ptext4                   text4        00234A
__ptext5                   text5        002354
__ptext6                   text6        00235E
__ptext7                   text7        002368
__ptext8                   text8        002372
__ptext9                   text9        00217A
__ramtop                   ramtop       000E00
__smallconst               smallconst   000E00
_atoi                      text32       001644
_day                       dataBANK0    0000C8
_dbuf                      bssBANK1     000100
_flags                     bssCOMRAM    000058
_fputc                     text28       001CA6
_fputs                     text27       0021BE
_get_day                   text8        002372
_get_hours                 text7        002368
_get_minutes               text6        00235E
_get_month                 text5        002354
_get_seconds               text4        00234A
_get_week_day              text3        001AF8
_get_year                  text2        002340
_hours                     bssBANK0     0000E0
_increment_seconds         text37       0017A2
_isdigit                   text34       002272
_isspace                   text33       002134
_isspace$2047              cstackCOMRAM 000009
_main                      text0        0012FA
_minutes                   bssBANK0     0000E2
_month                     bssCOMRAM    000056
_month_days                dataBANK0    0000A8
_pad                       text26       001E28
_prec                      bssBANK0     0000DE
_putch                     text29       002382
_seconds                   bssBANK0     0000E4
_set_light                 text1        0020E6
_sprintf                   text22       002094
_test_mode                 dataBANK0    0000CA
_utoa                      text25       001100
_vfpfcnvrt                 text24       000E30
_vfprintf                  text23       002040
_week_day                  dataCOMRAM   000059
_width                     bssBANK0     0000DC
_year                      dataBANK0    0000C6
atoi@n                     cstackCOMRAM 000012
atoi@neg                   cstackCOMRAM 000010
atoi@s                     cstackCOMRAM 00000B
btemp                      temp         00005B
end_of_initialization      cinit        002036
fputc@c                    cstackCOMRAM 000005
fputc@fp                   cstackCOMRAM 000007
fputs@c                    cstackCOMRAM 000012
fputs@fp                   cstackCOMRAM 000010
fputs@i                    cstackCOMRAM 000013
fputs@s                    cstackCOMRAM 00000E
int$flags                  temp         00005B
intlevel0                  text         000000
intlevel1                  text         000000
intlevel2                  text         000000
intlevel3                  text         000000
isa$std                    (abs)        000001
isa$xinst                  (abs)        000000
isdigit@c                  cstackCOMRAM 000005
isspace@c                  cstackCOMRAM 000005
main@ADC                   cstackBANK0  00008B
main@Day                   cstackBANK0  0000A4
main@F14262                dataBANK0    0000C2
main@Hou                   cstackBANK0  0000A2
main@Min                   cstackBANK0  0000A0
main@Mon                   cstackBANK0  0000A6
main@Sec                   cstackBANK0  00009E
main@Yea                   cstackBANK0  000087
main@day_of_the_week       cstackBANK0  000083
main@lst                   cstackBANK0  00008E
pad@buf                    cstackCOMRAM 000017
pad@fp                     cstackCOMRAM 000015
pad@i                      cstackCOMRAM 00001C
pad@p                      cstackCOMRAM 000019
pad@w                      cstackCOMRAM 00001E
set_light@curr_hour        cstackCOMRAM 000009
set_light@luminosity       cstackCOMRAM 00000B
sprintf@ap                 cstackBANK0  00006E
sprintf@f                  cstackBANK0  000070
sprintf@fmt                cstackBANK0  00006A
sprintf@s                  cstackBANK0  000068
stackhi                    (abs)        000000
stacklo                    (abs)        000000
start                      init         00005E
start_initialization       cinit        001FE0
ttemp5                     temp         00005C
ttemp6                     temp         00005F
ttemp7                     temp         000063
utoa@d                     cstackCOMRAM 000022
utoa@fp                    cstackCOMRAM 000020
utoa@i                     cstackCOMRAM 00003E
utoa@n                     cstackCOMRAM 000036
utoa@p                     cstackCOMRAM 000032
utoa@w                     cstackCOMRAM 000034
vfpfcnvrt@ap               cstackCOMRAM 000044
vfpfcnvrt@convarg          cstackCOMRAM 00004A
vfpfcnvrt@cp               cstackCOMRAM 000054
vfpfcnvrt@done             cstackCOMRAM 000052
vfpfcnvrt@fmt              cstackCOMRAM 000042
vfpfcnvrt@fp               cstackCOMRAM 000040
vfprintf@ap                cstackBANK0  000064
vfprintf@cfmt              cstackBANK0  000066
vfprintf@fmt               cstackBANK0  000062
vfprintf@fp                cstackBANK0  000060
wtemp8                     temp         00005C


MODULE INFORMATION

Module		Function		Class		Link	Load	Size
C:\Program Files\Microchip\xc8\v2.40\pic\sources\c99\common\nf_fputc.c
		_fputc         		CODE           	1CA6	0000	202

C:\Program Files\Microchip\xc8\v2.40\pic\sources\c99\common\nf_fputc.c estimated size: 202

timers.c
		_get_hours     		CODE           	2368	0000	10
		_get_minutes   		CODE           	235E	0000	10
		_Timer0_init   		CODE           	217A	0000	68
		_get_month     		CODE           	2354	0000	10
		_get_seconds   		CODE           	234A	0000	10
		_get_week_day  		CODE           	1AF8	0000	222
		_get_day       		CODE           	2372	0000	10
		_increment_seconds		CODE           	17A2	0000	344
		_get_year      		CODE           	2340	0000	10

timers.c estimated size: 694

C:\Program Files\Microchip\xc8\v2.40\pic\sources\c99\common\nf_sprintf.c
		_sprintf       		CODE           	2094	0000	82

C:\Program Files\Microchip\xc8\v2.40\pic\sources\c99\common\nf_sprintf.c estimated size: 82

C:\Program Files\Microchip\xc8\v2.40\pic\sources\c99\common\isspace.c
		_isspace       		CODE           	2134	0000	70

C:\Program Files\Microchip\xc8\v2.40\pic\sources\c99\common\isspace.c estimated size: 70

C:\Program Files\Microchip\xc8\v2.40\pic\sources\c99\common\atoi.c
		_atoi          		CODE           	1644	0000	350

C:\Program Files\Microchip\xc8\v2.40\pic\sources\c99\common\atoi.c estimated size: 350

C:\Program Files\Microchip\xc8\v2.40\pic\sources\c99\common\Umul16.c
		___wmul        		CODE           	229E	0000	38

C:\Program Files\Microchip\xc8\v2.40\pic\sources\c99\common\Umul16.c estimated size: 38

interrupts.c
		_Interrupts_init		CODE           	2334	0000	12
		_HighISR       		CODE           	0008	0000	86

interrupts.c estimated size: 98

C:\Program Files\Microchip\xc8\v2.40\pic\sources\c99\common\isdigit.c
		_isdigit       		CODE           	2272	0000	44

C:\Program Files\Microchip\xc8\v2.40\pic\sources\c99\common\isdigit.c estimated size: 44

C:\Program Files\Microchip\xc8\v2.40\pic\sources\c99\common\nf_fputs.c
		_fputs         		CODE           	21BE	0000	68

C:\Program Files\Microchip\xc8\v2.40\pic\sources\c99\common\nf_fputs.c estimated size: 68

C:\Program Files\Microchip\xc8\v2.40\pic\sources\c99\common\lomod.c
		___lomod       		CODE           	1BD6	0000	208

C:\Program Files\Microchip\xc8\v2.40\pic\sources\c99\common\lomod.c estimated size: 208

light_manager.c
		_set_light     		CODE           	20E6	0000	78
		_Light_init    		CODE           	237C	0000	4

light_manager.c estimated size: 82

shared
		__initialization		CODE           	1FE0	0000	86

shared estimated size: 86

ADC.c
		_ADC_init      		CODE           	230C	0000	26
		_ADC_getval    		CODE           	2242	0000	48

ADC.c estimated size: 74

C:\Program Files\Microchip\xc8\v2.40\pic\sources\c99\common\putch.c
		_putch         		CODE           	2382	0000	2

C:\Program Files\Microchip\xc8\v2.40\pic\sources\c99\common\putch.c estimated size: 2

C:\Program Files\Microchip\xc8\v2.40\pic\sources\c99\common\doprnt.c
		_vfpfcnvrt     		CODE           	0E30	0000	720
		_pad           		CODE           	1E28	0000	170
		_vfprintf      		CODE           	2040	0000	84
		_utoa          		CODE           	1100	0000	506

C:\Program Files\Microchip\xc8\v2.40\pic\sources\c99\common\doprnt.c estimated size: 1480

main.c
		_main          		CODE           	12FA	0000	452

main.c estimated size: 452

C:\Program Files\Microchip\xc8\v2.40\pic\sources\c99\common\lodiv.c
		___lodiv       		CODE           	1A08	0000	240

C:\Program Files\Microchip\xc8\v2.40\pic\sources\c99\common\lodiv.c estimated size: 240

LCD.c
		_ADC2String    		CODE           	1D70	0000	184
		_LCD_Init      		CODE           	1ED2	0000	166
		_LCD_clear     		CODE           	2202	0000	64
		_LCD_sendbyte  		CODE           	22E8	0000	36
		_LCD_E_TOG     		CODE           	2326	0000	14
		_LCD_setline   		CODE           	18FA	0000	270
		_LCD_sendnibble		CODE           	1F78	0000	104
		_LCD_sendstring		CODE           	14BE	0000	390

LCD.c estimated size: 1228

