Microchip MPLAB XC8 Compiler V2.40

Linker command line:

-W-3 \
  --edf=C:\Program Files\Microchip\xc8\v2.40\pic\dat\20220703182018_en.msgs \
  -cn \
  -h+dist/default/production\mini-project-energy-saving-automatic-outside-light-panagiotis.X.production.sym \
  --cmf=dist/default/production\mini-project-energy-saving-automatic-outside-light-panagiotis.X.production.cmf \
  -z -Q18F67K40 -oC:\Users\arthu\AppData\Local\Temp\xcAsjvo.4 \
  --defsym=__MPLAB_BUILD=1 --fixupoverflow=error \
  -Mdist/default/production/mini-project-energy-saving-automatic-outside-light-panagiotis.X.production.map \
  --md=C:\Users\arthu\AppData\Local\Temp\xcAsjvo.dat -E1 -ver=XC8 Compiler \
  --acfsm=1493 -ACODE=00h-01FFFFh -ACONST=00h-01FFFFh \
  -ASMALLCONST=0E00h-0EFFhx498 -AMEDIUMCONST=0E00h-0FFFFh,010E00h-01FFFFh \
  -ACOMRAM=01h-05Fh -AABS1=00h-0DE9h -ABIGRAM=01h-0DE9h \
  -ARAM=060h-0FFh,0100h-01FFhx12,0D00h-0DE9h -ABANK0=060h-0FFh \
  -ABANK1=0100h-01FFh -ABANK2=0200h-02FFh -ABANK3=0300h-03FFh \
  -ABANK4=0400h-04FFh -ABANK5=0500h-05FFh -ABANK6=0600h-06FFh \
  -ABANK7=0700h-07FFh -ABANK8=0800h-08FFh -ABANK9=0900h-09FFh \
  -ABANK10=0A00h-0AFFh -ABANK11=0B00h-0BFFh -ABANK12=0C00h-0CFFh \
  -ABANK13=0D00h-0DE9h \
  -ASFR=0DEFh-0DFFh,0E00h-0EFFh,0F00h-0F5Fh,0F60h-0FFFh \
  -ABIGSFR=0DEFh-0FFFh -ACONFIG=0300000h-030000Bh -AIDLOC=0200000h-020000Fh \
  -AEEDATA=0310000h-03103FFh -peeprom_data=EEDATA \
  -preset_vec=00h,intcode=08h,intcodelo,powerup,init -pramtop=0E00h \
  -psmallconst=SMALLCONST -pmediumconst=MEDIUMCONST -pconst=CONST \
  -AFARRAM=00h-00h \
  -prdata=COMRAM,nvrram=COMRAM,nvbit=COMRAM,rbss=COMRAM,rbit=COMRAM \
  -pfarbss=FARRAM,fardata=FARRAM,nvFARRAM=FARRAM \
  -pintsave_regs=BIGRAM,bigbss=BIGRAM,bigdata=BIGRAM -pbss=RAM \
  -pidata=CODE,irdata=CODE,ibigdata=CODE,ifardata=CODE -prparam=COMRAM \
  C:\Users\arthu\AppData\Local\Temp\xcAsjvo.o \
  dist/default/production\mini-project-energy-saving-automatic-outside-light-panagiotis.X.production.o 

Object code version is 3.11

Machine type is 18F67K40



                Name                               Link     Load   Length Selector   Space Scale
C:\Users\arthu\AppData\Local\Temp\xcAsjvo.o
                idloc                            200000   200000       10        0       5
                config                           300000   300000        C        0       4
                init                                 B8       B8        4        4       0
                reset_vec                             0        0        4        0       0
dist/default/production\mini-project-energy-saving-automatic-outside-light-panagiotis.X.production.o
                intcode                               8        8       B0        4       0
                idloc                            200000   200000       10        0       5
                config                           300000   300000        C        0       4
                temp                                 4C       4C        1        1       1
                smallconst                          E00      E00        6      700       0
                text19                             1400     1400       26      703       0
                text18                             1358     1358       44      703       0
                text17                              E06      E06       EE      703       0
                text16                             12C2     12C2       4C      703       0
                text15                             130E     130E       4A      703       0
                text14                             1180     1180       78      703       0
                text12                             1464     1464       1A      703       0
                text11                             147E     147E       14      703       0
                text10                             1426     1426       24      703       0
                text9                              1492     1492       10      703       0
                text8                              14A2     14A2        E      703       0
                text7                              11F8     11F8       6C      703       0
                text6                              13D4     13D4       2C      703       0
                text5                               FBE      FBE       BA      703       0
                text4                               EF4      EF4       CA      703       0
                text3                              139C     139C       38      703       0
                text2                              1106     1106       7A      703       0
                text1                              14BC     14BC        A      703       0
                text0                              1078     1078       8E      703       0
                cstackCOMRAM                          1        1       2F        1       1
                cstackBANK0                          7A       7A       14       60       1
                dataBANK0                            60       60       1A       60       1
                dataCOMRAM                           3E       3E        C        1       1
                bssCOMRAM                            30       30        E        1       1
                cinit                              1264     1264       5E      703       0
                nvCOMRAM                             4A       4A        2        1       1
                idataBANK0                         144A     144A       1A      703       0
                idataCOMRAM                        14B0     14B0        C      703       0

TOTAL           Name                               Link     Load   Length     Space
        CLASS   CODE           
                intcode                               8        8       B0         0
                init                                 B8       B8        4         0
                reset_vec                             0        0        4         0
                text19                             1400     1400       26         0
                text18                             1358     1358       44         0
                text17                              E06      E06       EE         0
                text16                             12C2     12C2       4C         0
                text15                             130E     130E       4A         0
                text14                             1180     1180       78         0
                text12                             1464     1464       1A         0
                text11                             147E     147E       14         0
                text10                             1426     1426       24         0
                text9                              1492     1492       10         0
                text8                              14A2     14A2        E         0
                text7                              11F8     11F8       6C         0
                text6                              13D4     13D4       2C         0
                text5                               FBE      FBE       BA         0
                text4                               EF4      EF4       CA         0
                text3                              139C     139C       38         0
                text2                              1106     1106       7A         0
                text1                              14BC     14BC        A         0
                text0                              1078     1078       8E         0
                cinit                              1264     1264       5E         0
                idataBANK0                         144A     144A       1A         0
                idataCOMRAM                        14B0     14B0        C         0

        CLASS   CONST          

        CLASS   SMALLCONST     
                smallconst                          E00      E00        6         0

        CLASS   MEDIUMCONST    

        CLASS   COMRAM         
                temp                                 4C       4C        1         1
                cstackCOMRAM                          1        1       2F         1
                dataCOMRAM                           3E       3E        C         1
                bssCOMRAM                            30       30        E         1
                nvCOMRAM                             4A       4A        2         1

        CLASS   ABS1           

        CLASS   BIGRAM         

        CLASS   RAM            

        CLASS   BANK0          
                cstackBANK0                          7A       7A       14         1
                dataBANK0                            60       60       1A         1

        CLASS   BANK1          

        CLASS   BANK2          

        CLASS   BANK3          

        CLASS   BANK4          

        CLASS   BANK5          

        CLASS   BANK6          

        CLASS   BANK7          

        CLASS   BANK8          

        CLASS   BANK9          

        CLASS   BANK10         

        CLASS   BANK11         

        CLASS   BANK12         

        CLASS   BANK13         

        CLASS   SFR            

        CLASS   BIGSFR         

        CLASS   CONFIG         
                config                           300000   300000        C         4

        CLASS   IDLOC          
                idloc                            200000   200000       10         5

        CLASS   EEDATA         

        CLASS   FARRAM         

        CLASS   HEAP           

        CLASS   STACK          



SEGMENTS        Name                           Load    Length   Top    Selector   Space  Class

                reset_vec                      000000  000004  000004         0       0  CODE    
                cstackCOMRAM                   000001  00004C  00004D         1       1  COMRAM  
                intcode                        000008  0000B4  0000BC         4       0  CODE    
                dataBANK0                      000060  00002E  00008E        60       1  BANK0   
                smallconst                     000E00  000006  000E06       700       0  SMALLCON
                text17                         000E06  0006C0  0014C6       703       0  CODE    


UNUSED ADDRESS RANGES

        Name                Unused          Largest block    Delta
        BANK0            00008E-0000FF               72
        BANK1            000100-0001FF              100
        BANK10           000A00-000AFF              100
        BANK11           000B00-000BFF              100
        BANK12           000C00-000CFF              100
        BANK13           000D00-000DE9               EA
        BANK2            000200-0002FF              100
        BANK3            000300-0003FF              100
        BANK4            000400-0004FF              100
        BANK5            000500-0005FF              100
        BANK6            000600-0006FF              100
        BANK7            000700-0007FF              100
        BANK8            000800-0008FF              100
        BANK9            000900-0009FF              100
        BIGRAM           00004D-00005F               13
                         00008E-000DE9              D5C
        BIGSFR           000DEF-000FFF              211
        CODE             000004-000007                4
                         0000BC-000DFF              D44
                         0014C6-01FFFF            1EB3A
        COMRAM           00004D-00005F               13
        CONST            000004-000007                4
                         0000BC-000DFF              D44
                         0014C6-01FFFF            1EB3A
        EEDATA           310000-3103FF              400
        MEDIUMCONST      0014C6-00FFFF             EB3A
                         010E00-01FFFF             F200
        RAM              00008E-000DE9              100
        SFR              000DEF-000FFF              100
        SMALLCONST       0014C6-01FFFF              100

                                  Symbol Table

?___wmul                            cstackCOMRAM 000001
?_get_hours                         cstackBANK0  00007A
LCD_sendbyte@Byte                   cstackBANK0  00007C
LCD_sendbyte@type                   cstackBANK0  00007B
LCD_sendnibble@number               cstackBANK0  00007A
LEDarray_disp_bin@number            cstackBANK0  00007A
Timer0_init@current_day             cstackBANK0  000084
Timer0_init@current_day_of_the_week cstackBANK0  000086
Timer0_init@current_hour            cstackBANK0  000080
Timer0_init@current_minute          cstackBANK0  00007C
Timer0_init@current_month           cstackBANK0  000088
Timer0_init@current_year            cstackBANK0  00008A
Timer0_init@init_test_mode          cstackBANK0  00007A
_ADCON0bits                         (abs)        000F60
_ADC_init                           text12       001464
_ADPCH                              (abs)        000F5F
_ADREFbits                          (abs)        000F58
_ADRESH                             (abs)        000F64
_ANSELAbits                         (abs)        000E92
_CM1CON0bits                        (abs)        000ED0
_CM1CON1bits                        (abs)        000ED1
_CM1NCHbits                         (abs)        000ED2
_CM1PCHbits                         (abs)        000ED3
_Comp1_init                         text10       001426
_DAC1CON0bits                       (abs)        000EC6
_DAC1CON1bits                       (abs)        000EC7
_DAC_init                           text11       00147E
_HighISR                            intcode      000008
_INTCONbits                         (abs)        000FF2
_IPR2bits                           (abs)        000E21
_Interrupts_init                    text9        001492
_LATAbits                           (abs)        000F79
_LATBbits                           (abs)        000F7A
_LATCbits                           (abs)        000F7B
_LATDbits                           (abs)        000F7C
_LATEbits                           (abs)        000F7D
_LATFbits                           (abs)        000F7E
_LATGbits                           (abs)        000F7F
_LATHbits                           (abs)        000F80
_LCD_E_TOG                          text8        0014A2
_LCD_Init                           text5        000FBE
_LCD_sendbyte                       text6        0013D4
_LCD_sendnibble                     text7        0011F8
_LEDarray_disp_bin                  text4        000EF4
_LEDarray_init                      text3        00139C
_PIE0bits                           (abs)        000E29
_PIE2bits                           (abs)        000E2B
_PIR0bits                           (abs)        000E33
_PIR2bits                           (abs)        000E35
_PORTAbits                          (abs)        000F89
_PORTBbits                          (abs)        000F8A
_PORTFbits                          (abs)        000F8E
_PORTGbits                          (abs)        000F8F
_T0CON0bits                         (abs)        000FD5
_T0CON1bits                         (abs)        000FD6
_TMR0H                              (abs)        000FD4
_TMR0L                              (abs)        000FD3
_TRISAbits                          (abs)        000F81
_TRISBbits                          (abs)        000F82
_TRISCbits                          (abs)        000F83
_TRISDbits                          (abs)        000F84
_TRISEbits                          (abs)        000F85
_TRISFbits                          (abs)        000F86
_TRISGbits                          (abs)        000F87
_TRISHbits                          (abs)        000F88
_Timer0_init                        text2        001106
__HRAM                              (abs)        000000
__Habs1                             abs1         000000
__Hbank0                            bank0        000000
__Hbank1                            bank1        000000
__Hbank10                           bank10       000000
__Hbank11                           bank11       000000
__Hbank12                           bank12       000000
__Hbank13                           bank13       000000
__Hbank2                            bank2        000000
__Hbank3                            bank3        000000
__Hbank4                            bank4        000000
__Hbank5                            bank5        000000
__Hbank6                            bank6        000000
__Hbank7                            bank7        000000
__Hbank8                            bank8        000000
__Hbank9                            bank9        000000
__Hbigbss                           bigbss       000000
__Hbigdata                          bigdata      000000
__Hbigram                           bigram       000000
__Hbigsfr                           bigsfr       000000
__Hbss                              bss          000000
__HbssCOMRAM                        bssCOMRAM    000000
__Hcinit                            cinit        000000
__Hclrtext                          clrtext      000000
__Hcomram                           comram       000000
__Hconfig                           config       30000C
__Hconst                            const        000000
__HcstackBANK0                      cstackBANK0  000000
__HcstackCOMRAM                     cstackCOMRAM 000000
__Hdata                             data         000000
__HdataBANK0                        dataBANK0    000000
__HdataCOMRAM                       dataCOMRAM   000000
__Heeprom_data                      eeprom_data  000000
__Hfarbss                           farbss       000000
__Hfardata                          fardata      000000
__Hheap                             heap         000000
__Hibigdata                         ibigdata     000000
__Hidata                            idata        000000
__HidataBANK0                       idataBANK0   000000
__HidataCOMRAM                      idataCOMRAM  000000
__Hidloc                            idloc        200010
__Hifardata                         ifardata     000000
__Hinit                             init         0000BC
__Hintcode                          intcode      0000B8
__Hintcode_body                     intcode_body 000000
__Hintcodelo                        intcodelo    0000B8
__Hintentry                         intentry     000000
__Hintret                           intret       000000
__Hintsave_regs                     intsave_regs 000000
__Hirdata                           irdata       000000
__Hmediumconst                      mediumconst  000000
__HnvCOMRAM                         nvCOMRAM     000000
__HnvFARRAM                         nvFARRAM     000000
__Hnvbit                            nvbit        000000
__Hnvrram                           nvrram       000000
__Hparam                            rparam       000000
__Hpowerup                          powerup      0000B8
__Hram                              ram          000000
__Hramtop                           ramtop       000E00
__Hrbit                             rbit         000000
__Hrbss                             rbss         000000
__Hrdata                            rdata        000000
__Hreset_vec                        reset_vec    000004
__Hrparam                           rparam       000000
__Hsfr                              sfr          000000
__Hsmallconst                       smallconst   000E06
__Hspace_0                          (abs)        0014C6
__Hspace_1                          (abs)        00008E
__Hspace_2                          (abs)        000000
__Hspace_4                          (abs)        60000C
__Hstack                            stack        000000
__Hstruct                           struct       000000
__Htemp                             temp         00004D
__Htext                             text         000000
__Htext0                            text0        000000
__Htext1                            text1        000000
__Htext10                           text10       000000
__Htext11                           text11       000000
__Htext12                           text12       000000
__Htext14                           text14       000000
__Htext15                           text15       000000
__Htext16                           text16       000000
__Htext17                           text17       000000
__Htext18                           text18       000000
__Htext19                           text19       000000
__Htext2                            text2        000000
__Htext3                            text3        000000
__Htext4                            text4        000000
__Htext5                            text5        000000
__Htext6                            text6        000000
__Htext7                            text7        000000
__Htext8                            text8        000000
__Htext9                            text9        000000
__LRAM                              (abs)        000001
__Labs1                             abs1         000000
__Lbank0                            bank0        000000
__Lbank1                            bank1        000000
__Lbank10                           bank10       000000
__Lbank11                           bank11       000000
__Lbank12                           bank12       000000
__Lbank13                           bank13       000000
__Lbank2                            bank2        000000
__Lbank3                            bank3        000000
__Lbank4                            bank4        000000
__Lbank5                            bank5        000000
__Lbank6                            bank6        000000
__Lbank7                            bank7        000000
__Lbank8                            bank8        000000
__Lbank9                            bank9        000000
__Lbigbss                           bigbss       000000
__Lbigdata                          bigdata      000000
__Lbigram                           bigram       000000
__Lbigsfr                           bigsfr       000000
__Lbss                              bss          000000
__LbssCOMRAM                        bssCOMRAM    000000
__Lcinit                            cinit        000000
__Lclrtext                          clrtext      000000
__Lcomram                           comram       000000
__Lconfig                           config       000000
__Lconst                            const        000000
__LcstackBANK0                      cstackBANK0  000000
__LcstackCOMRAM                     cstackCOMRAM 000000
__Ldata                             data         000000
__LdataBANK0                        dataBANK0    000000
__LdataCOMRAM                       dataCOMRAM   000000
__Leeprom_data                      eeprom_data  000000
__Lfarbss                           farbss       000000
__Lfardata                          fardata      000000
__Lheap                             heap         000000
__Libigdata                         ibigdata     000000
__Lidata                            idata        000000
__LidataBANK0                       idataBANK0   000000
__LidataCOMRAM                      idataCOMRAM  000000
__Lidloc                            idloc        000000
__Lifardata                         ifardata     000000
__Linit                             init         0000B8
__Lintcode                          intcode      000008
__Lintcode_body                     intcode_body 000000
__Lintcodelo                        intcodelo    0000B8
__Lintentry                         intentry     000000
__Lintret                           intret       000000
__Lintsave_regs                     intsave_regs 000000
__Lirdata                           irdata       000000
__Lmediumconst                      mediumconst  000000
__LnvCOMRAM                         nvCOMRAM     000000
__LnvFARRAM                         nvFARRAM     000000
__Lnvbit                            nvbit        000000
__Lnvrram                           nvrram       000000
__Lparam                            rparam       000000
__Lpowerup                          powerup      0000B8
__Lram                              ram          000000
__Lramtop                           ramtop       000E00
__Lrbit                             rbit         000000
__Lrbss                             rbss         000000
__Lrdata                            rdata        000000
__Lreset_vec                        reset_vec    000000
__Lrparam                           rparam       000000
__Lsfr                              sfr          000000
__Lsmallconst                       smallconst   000E00
__Lspace_0                          (abs)        000000
__Lspace_1                          (abs)        000000
__Lspace_2                          (abs)        000000
__Lspace_4                          (abs)        000000
__Lstack                            stack        000000
__Lstruct                           struct       000000
__Ltemp                             temp         00004C
__Ltext                             text         000000
__Ltext0                            text0        000000
__Ltext1                            text1        000000
__Ltext10                           text10       000000
__Ltext11                           text11       000000
__Ltext12                           text12       000000
__Ltext14                           text14       000000
__Ltext15                           text15       000000
__Ltext16                           text16       000000
__Ltext17                           text17       000000
__Ltext18                           text18       000000
__Ltext19                           text19       000000
__Ltext2                            text2        000000
__Ltext3                            text3        000000
__Ltext4                            text4        000000
__Ltext5                            text5        000000
__Ltext6                            text6        000000
__Ltext7                            text7        000000
__Ltext8                            text8        000000
__Ltext9                            text9        000000
__S0                                (abs)        0014C6
__S1                                (abs)        00008E
__S4                                (abs)        000000
__S5                                (abs)        000000
___heap_hi                          (abs)        000000
___heap_lo                          (abs)        000000
___inthi_sp                         stack        000000
___intlo_sp                         stack        000000
___param_bank                       (abs)        000000
___rparam_used                      (abs)        000001
___sp                               stack        000000
___wmul                             text19       001400
___wmul@multiplicand                cstackCOMRAM 000003
___wmul@multiplier                  cstackCOMRAM 000001
___wmul@product                     cstackCOMRAM 000005
__accesstop                         (abs)        000060
__activetblptr                      (abs)        000001
__end_of_ADC_init                   text12       00147E
__end_of_Comp1_init                 text10       00144A
__end_of_DAC_init                   text11       001492
__end_of_HighISR                    intcode      0000B8
__end_of_Interrupts_init            text9        0014A2
__end_of_LCD_E_TOG                  text8        0014B0
__end_of_LCD_Init                   text5        001078
__end_of_LCD_sendbyte               text6        001400
__end_of_LCD_sendnibble             text7        001264
__end_of_LEDarray_disp_bin          text4        000FBE
__end_of_LEDarray_init              text3        0013D4
__end_of_Timer0_init                text2        001180
__end_of___wmul                     text19       001426
__end_of__initialization            cinit        0012B0
__end_of_get_hours                  text1        0014C6
__end_of_increment_day              text17       000EF4
__end_of_increment_hours            text16       00130E
__end_of_increment_minutes          text15       001358
__end_of_increment_month            text18       00139C
__end_of_increment_seconds          text14       0011F8
__end_of_main                       text0        001106
__initialization                    cinit        001264
__mediumconst                       mediumconst  000000
__pbssCOMRAM                        bssCOMRAM    000030
__pcinit                            cinit        001264
__pcstackBANK0                      cstackBANK0  00007A
__pcstackCOMRAM                     cstackCOMRAM 000001
__pdataBANK0                        dataBANK0    000060
__pdataCOMRAM                       dataCOMRAM   00003E
__pidataBANK0                       idataBANK0   00144A
__pidataCOMRAM                      idataCOMRAM  0014B0
__pintcode                          intcode      000008
__pnvCOMRAM                         nvCOMRAM     00004A
__psmallconst                       smallconst   000E00
__ptext0                            text0        001078
__ptext1                            text1        0014BC
__ptext10                           text10       001426
__ptext11                           text11       00147E
__ptext12                           text12       001464
__ptext14                           text14       001180
__ptext15                           text15       00130E
__ptext16                           text16       0012C2
__ptext17                           text17       000E06
__ptext18                           text18       001358
__ptext19                           text19       001400
__ptext2                            text2        001106
__ptext3                            text3        00139C
__ptext4                            text4        000EF4
__ptext5                            text5        000FBE
__ptext6                            text6        0013D4
__ptext7                            text7        0011F8
__ptext8                            text8        0014A2
__ptext9                            text9        001492
__ramtop                            ramtop       000E00
__smallconst                        smallconst   000E00
_day                                dataCOMRAM   000042
_day_of_the_week                    dataCOMRAM   000048
_get_hours                          text1        0014BC
_hours                              dataBANK0    000078
_increment_day                      text17       000E06
_increment_hours                    text16       0012C2
_increment_minutes                  text15       00130E
_increment_month                    text18       001358
_increment_seconds                  text14       001180
_main                               text0        001078
_minutes                            dataCOMRAM   000044
_month                              dataCOMRAM   000040
_seconds                            dataCOMRAM   000046
_test_mode                          nvCOMRAM     00004A
_year                               dataCOMRAM   00003E
btemp                               temp         00004C
end_of_initialization               cinit        0012B0
increment_day@F14267                dataBANK0    000060
increment_day@curr_day_in_month     cstackCOMRAM 000021
increment_day@day_in_month          cstackCOMRAM 000009
increment_day@increment             cstackCOMRAM 000003
increment_hours@increment           cstackCOMRAM 000023
increment_minutes@increment         cstackCOMRAM 000025
increment_month@increment           cstackCOMRAM 000001
increment_seconds@increment         cstackCOMRAM 000027
int$flags                           temp         00004C
intlevel0                           text         000000
intlevel1                           text         000000
intlevel2                           text         000000
intlevel3                           text         000000
isa$std                             (abs)        000001
isa$xinst                           (abs)        000000
main@curr_hour                      cstackBANK0  00008C
stackhi                             (abs)        000000
stacklo                             (abs)        000000
start                               init         0000B8
start_initialization                cinit        001264
ttemp5                              temp         00004D
ttemp6                              temp         000050
ttemp7                              temp         000054
wtemp8                              temp         00004D


MODULE INFORMATION

Module		Function		Class		Link	Load	Size
timers.c
		_get_hours     		CODE           	14BC	0000	10
		_Timer0_init   		CODE           	1106	0000	122
		_increment_day 		CODE           	0E06	0000	238
		_increment_seconds		CODE           	1180	0000	120
		_increment_minutes		CODE           	130E	0000	74
		_increment_month		CODE           	1358	0000	68
		_increment_hours		CODE           	12C2	0000	76

timers.c estimated size: 708

C:\Program Files\Microchip\xc8\v2.40\pic\sources\c99\common\Umul16.c
		___wmul        		CODE           	1400	0000	38

C:\Program Files\Microchip\xc8\v2.40\pic\sources\c99\common\Umul16.c estimated size: 38

interrupts.c
		_Interrupts_init		CODE           	1492	0000	16
		_HighISR       		CODE           	0008	0000	176

interrupts.c estimated size: 192

LEDarray.c
		_LEDarray_init 		CODE           	139C	0000	56
		_LEDarray_disp_bin		CODE           	0EF4	0000	202

LEDarray.c estimated size: 258

comparator.c
		_DAC_init      		CODE           	147E	0000	20
		_Comp1_init    		CODE           	1426	0000	36

comparator.c estimated size: 56

shared
		__initialization		CODE           	1264	0000	76

shared estimated size: 76

ADC.c
		_ADC_init      		CODE           	1464	0000	26

ADC.c estimated size: 26

main.c
		_main          		CODE           	1078	0000	142

main.c estimated size: 142

LCD.c
		_LCD_Init      		CODE           	0FBE	0000	186
		_LCD_sendbyte  		CODE           	13D4	0000	44
		_LCD_E_TOG     		CODE           	14A2	0000	14
		_LCD_sendnibble		CODE           	11F8	0000	108

LCD.c estimated size: 352

